Archive member included to satisfy reference by file (symbol)

c:/program files/st/stm32cubeide_1.3.0/stm32cubeide/plugins/com.st.stm32cube.ide.mcu.externaltools.gnu-tools-for-stm32.9-2020-q2-update.win32_2.0.0.202105311346/tools/bin/../lib/gcc/arm-none-eabi/9.3.1/../../../../arm-none-eabi/lib/thumb/v7e-m+fp/hard\libc_nano.a(lib_a-errno.o)
                              ./Core/Src/syscalls.o (__errno)
c:/program files/st/stm32cubeide_1.3.0/stm32cubeide/plugins/com.st.stm32cube.ide.mcu.externaltools.gnu-tools-for-stm32.9-2020-q2-update.win32_2.0.0.202105311346/tools/bin/../lib/gcc/arm-none-eabi/9.3.1/../../../../arm-none-eabi/lib/thumb/v7e-m+fp/hard\libc_nano.a(lib_a-exit.o)
                              c:/program files/st/stm32cubeide_1.3.0/stm32cubeide/plugins/com.st.stm32cube.ide.mcu.externaltools.gnu-tools-for-stm32.9-2020-q2-update.win32_2.0.0.202105311346/tools/bin/../lib/gcc/arm-none-eabi/9.3.1/../../../../arm-none-eabi/lib/thumb/v7e-m+fp/hard/crt0.o (exit)
c:/program files/st/stm32cubeide_1.3.0/stm32cubeide/plugins/com.st.stm32cube.ide.mcu.externaltools.gnu-tools-for-stm32.9-2020-q2-update.win32_2.0.0.202105311346/tools/bin/../lib/gcc/arm-none-eabi/9.3.1/../../../../arm-none-eabi/lib/thumb/v7e-m+fp/hard\libc_nano.a(lib_a-findfp.o)
                              ./Middlewares/Third_Party/FreeRTOS/Source/tasks.o (__sf_fake_stderr)
c:/program files/st/stm32cubeide_1.3.0/stm32cubeide/plugins/com.st.stm32cube.ide.mcu.externaltools.gnu-tools-for-stm32.9-2020-q2-update.win32_2.0.0.202105311346/tools/bin/../lib/gcc/arm-none-eabi/9.3.1/../../../../arm-none-eabi/lib/thumb/v7e-m+fp/hard\libc_nano.a(lib_a-fwalk.o)
                              c:/program files/st/stm32cubeide_1.3.0/stm32cubeide/plugins/com.st.stm32cube.ide.mcu.externaltools.gnu-tools-for-stm32.9-2020-q2-update.win32_2.0.0.202105311346/tools/bin/../lib/gcc/arm-none-eabi/9.3.1/../../../../arm-none-eabi/lib/thumb/v7e-m+fp/hard\libc_nano.a(lib_a-findfp.o) (_fwalk)
c:/program files/st/stm32cubeide_1.3.0/stm32cubeide/plugins/com.st.stm32cube.ide.mcu.externaltools.gnu-tools-for-stm32.9-2020-q2-update.win32_2.0.0.202105311346/tools/bin/../lib/gcc/arm-none-eabi/9.3.1/../../../../arm-none-eabi/lib/thumb/v7e-m+fp/hard\libc_nano.a(lib_a-impure.o)
                              c:/program files/st/stm32cubeide_1.3.0/stm32cubeide/plugins/com.st.stm32cube.ide.mcu.externaltools.gnu-tools-for-stm32.9-2020-q2-update.win32_2.0.0.202105311346/tools/bin/../lib/gcc/arm-none-eabi/9.3.1/../../../../arm-none-eabi/lib/thumb/v7e-m+fp/hard\libc_nano.a(lib_a-exit.o) (_global_impure_ptr)
c:/program files/st/stm32cubeide_1.3.0/stm32cubeide/plugins/com.st.stm32cube.ide.mcu.externaltools.gnu-tools-for-stm32.9-2020-q2-update.win32_2.0.0.202105311346/tools/bin/../lib/gcc/arm-none-eabi/9.3.1/../../../../arm-none-eabi/lib/thumb/v7e-m+fp/hard\libc_nano.a(lib_a-init.o)
                              c:/program files/st/stm32cubeide_1.3.0/stm32cubeide/plugins/com.st.stm32cube.ide.mcu.externaltools.gnu-tools-for-stm32.9-2020-q2-update.win32_2.0.0.202105311346/tools/bin/../lib/gcc/arm-none-eabi/9.3.1/../../../../arm-none-eabi/lib/thumb/v7e-m+fp/hard/crt0.o (__libc_init_array)
c:/program files/st/stm32cubeide_1.3.0/stm32cubeide/plugins/com.st.stm32cube.ide.mcu.externaltools.gnu-tools-for-stm32.9-2020-q2-update.win32_2.0.0.202105311346/tools/bin/../lib/gcc/arm-none-eabi/9.3.1/../../../../arm-none-eabi/lib/thumb/v7e-m+fp/hard\libc_nano.a(lib_a-lock.o)
                              c:/program files/st/stm32cubeide_1.3.0/stm32cubeide/plugins/com.st.stm32cube.ide.mcu.externaltools.gnu-tools-for-stm32.9-2020-q2-update.win32_2.0.0.202105311346/tools/bin/../lib/gcc/arm-none-eabi/9.3.1/../../../../arm-none-eabi/lib/thumb/v7e-m+fp/hard\libc_nano.a(lib_a-findfp.o) (__retarget_lock_init_recursive)
c:/program files/st/stm32cubeide_1.3.0/stm32cubeide/plugins/com.st.stm32cube.ide.mcu.externaltools.gnu-tools-for-stm32.9-2020-q2-update.win32_2.0.0.202105311346/tools/bin/../lib/gcc/arm-none-eabi/9.3.1/../../../../arm-none-eabi/lib/thumb/v7e-m+fp/hard\libc_nano.a(lib_a-malloc.o)
                              ./Middlewares/Third_Party/FreeRTOS/Source/portable/MemMang/heap_3.o (malloc)
c:/program files/st/stm32cubeide_1.3.0/stm32cubeide/plugins/com.st.stm32cube.ide.mcu.externaltools.gnu-tools-for-stm32.9-2020-q2-update.win32_2.0.0.202105311346/tools/bin/../lib/gcc/arm-none-eabi/9.3.1/../../../../arm-none-eabi/lib/thumb/v7e-m+fp/hard\libc_nano.a(lib_a-memcpy-stub.o)
                              ./Middlewares/Third_Party/FreeRTOS/Source/CMSIS_RTOS_V2/cmsis_os2.o (memcpy)
c:/program files/st/stm32cubeide_1.3.0/stm32cubeide/plugins/com.st.stm32cube.ide.mcu.externaltools.gnu-tools-for-stm32.9-2020-q2-update.win32_2.0.0.202105311346/tools/bin/../lib/gcc/arm-none-eabi/9.3.1/../../../../arm-none-eabi/lib/thumb/v7e-m+fp/hard\libc_nano.a(lib_a-memset.o)
[...]
Memory Configuration

Name             Origin             Length             Attributes
RAM              0x0000000020000000 0x0000000000020000 xrw
RAM2             0x0000000010000000 0x0000000000008000 xrw
FLASH            0x0000000008000000 0x0000000000040000 xr
*default*        0x0000000000000000 0xffffffffffffffff

Linker script and memory map

LOAD c:/program files/st/stm32cubeide_1.3.0/stm32cubeide/plugins/com.st.stm32cube.ide.mcu.externaltools.gnu-tools-for-stm32.9-2020-q2-update.win32_2.0.0.202105311346/tools/bin/../lib/gcc/arm-none-eabi/9.3.1/thumb/v7e-m+fp/hard/crti.o
LOAD c:/program files/st/stm32cubeide_1.3.0/stm32cubeide/plugins/com.st.stm32cube.ide.mcu.externaltools.gnu-tools-for-stm32.9-2020-q2-update.win32_2.0.0.202105311346/tools/bin/../lib/gcc/arm-none-eabi/9.3.1/thumb/v7e-m+fp/hard/crtbegin.o
LOAD c:/program files/st/stm32cubeide_1.3.0/stm32cubeide/plugins/com.st.stm32cube.ide.mcu.externaltools.gnu-tools-for-stm32.9-2020-q2-update.win32_2.0.0.202105311346/tools/bin/../lib/gcc/arm-none-eabi/9.3.1/../../../../arm-none-eabi/lib/thumb/v7e-m+fp/hard/crt0.o
LOAD ./Core/Src/freertos.o
LOAD ./Core/Src/main.o
LOAD ./Core/Src/stm32l4xx_hal_msp.o
LOAD ./Core/Src/stm32l4xx_hal_timebase_tim.o
LOAD ./Core/Src/stm32l4xx_it.o
LOAD ./Core/Src/syscalls.o
LOAD ./Core/Src/sysmem.o
LOAD ./Core/Src/system_stm32l4xx.o
LOAD ./Core/Startup/startup_stm32l451rctx.o
LOAD ./Drivers/STM32L4xx_HAL_Driver/Src/stm32l4xx_hal.o
LOAD ./Drivers/STM32L4xx_HAL_Driver/Src/stm32l4xx_hal_cortex.o
LOAD ./Drivers/STM32L4xx_HAL_Driver/Src/stm32l4xx_hal_dma.o
LOAD ./Drivers/STM32L4xx_HAL_Driver/Src/stm32l4xx_hal_dma_ex.o
LOAD ./Drivers/STM32L4xx_HAL_Driver/Src/stm32l4xx_hal_exti.o
LOAD ./Drivers/STM32L4xx_HAL_Driver/Src/stm32l4xx_hal_flash.o
LOAD ./Drivers/STM32L4xx_HAL_Driver/Src/stm32l4xx_hal_flash_ex.o
LOAD ./Drivers/STM32L4xx_HAL_Driver/Src/stm32l4xx_hal_flash_ramfunc.o
LOAD ./Drivers/STM32L4xx_HAL_Driver/Src/stm32l4xx_hal_gpio.o
LOAD ./Drivers/STM32L4xx_HAL_Driver/Src/stm32l4xx_hal_i2c.o
LOAD ./Drivers/STM32L4xx_HAL_Driver/Src/stm32l4xx_hal_i2c_ex.o
LOAD ./Drivers/STM32L4xx_HAL_Driver/Src/stm32l4xx_hal_pwr.o
LOAD ./Drivers/STM32L4xx_HAL_Driver/Src/stm32l4xx_hal_pwr_ex.o
LOAD ./Drivers/STM32L4xx_HAL_Driver/Src/stm32l4xx_hal_rcc.o
LOAD ./Drivers/STM32L4xx_HAL_Driver/Src/stm32l4xx_hal_rcc_ex.o
LOAD ./Drivers/STM32L4xx_HAL_Driver/Src/stm32l4xx_hal_tim.o
LOAD ./Drivers/STM32L4xx_HAL_Driver/Src/stm32l4xx_hal_tim_ex.o
LOAD ./Middlewares/Third_Party/FreeRTOS/Source/CMSIS_RTOS_V2/cmsis_os2.o
LOAD ./Middlewares/Third_Party/FreeRTOS/Source/croutine.o
LOAD ./Middlewares/Third_Party/FreeRTOS/Source/event_groups.o
LOAD ./Middlewares/Third_Party/FreeRTOS/Source/list.o
LOAD ./Middlewares/Third_Party/FreeRTOS/Source/queue.o
LOAD ./Middlewares/Third_Party/FreeRTOS/Source/stream_buffer.o
LOAD ./Middlewares/Third_Party/FreeRTOS/Source/tasks.o
LOAD ./Middlewares/Third_Party/FreeRTOS/Source/timers.o
LOAD ./Middlewares/Third_Party/FreeRTOS/Source/portable/GCC/ARM_CM4F/port.o
LOAD ./Middlewares/Third_Party/FreeRTOS/Source/portable/MemMang/heap_3.o
LOAD ./User/Src/Display/SmallScreen.o
LOAD ./User/Src/Display/Ssd1306.o
LOAD ./User/Src/EnvSensorV2.o
LOAD ./User/Src/ftoa.o
LOAD ./User/Src/Sensors/CO2Sensor.o
LOAD ./User/Src/Sensors/Devices/Bmp280.o
LOAD ./User/Src/Sensors/Devices/Scd30.o
START GROUP
LOAD c:/program files/st/stm32cubeide_1.3.0/stm32cubeide/plugins/com.st.stm32cube.ide.mcu.externaltools.gnu-tools-for-stm32.9-2020-q2-update.win32_2.0.0.202105311346/tools/bin/../lib/gcc/arm-none-eabi/9.3.1/../../../../arm-none-eabi/lib/thumb/v7e-m+fp/hard\libstdc++_nano.a
LOAD c:/program files/st/stm32cubeide_1.3.0/stm32cubeide/plugins/com.st.stm32cube.ide.mcu.externaltools.gnu-tools-for-stm32.9-2020-q2-update.win32_2.0.0.202105311346/tools/bin/../lib/gcc/arm-none-eabi/9.3.1/../../../../arm-none-eabi/lib/thumb/v7e-m+fp/hard\libsupc++_nano.a
END GROUP
LOAD c:/program files/st/stm32cubeide_1.3.0/stm32cubeide/plugins/com.st.stm32cube.ide.mcu.externaltools.gnu-tools-for-stm32.9-2020-q2-update.win32_2.0.0.202105311346/tools/bin/../lib/gcc/arm-none-eabi/9.3.1/../../../../arm-none-eabi/lib/thumb/v7e-m+fp/hard\libstdc++_nano.a
LOAD c:/program files/st/stm32cubeide_1.3.0/stm32cubeide/plugins/com.st.stm32cube.ide.mcu.externaltools.gnu-tools-for-stm32.9-2020-q2-update.win32_2.0.0.202105311346/tools/bin/../lib/gcc/arm-none-eabi/9.3.1/../../../../arm-none-eabi/lib/thumb/v7e-m+fp/hard\libm.a
LOAD c:/program files/st/stm32cubeide_1.3.0/stm32cubeide/plugins/com.st.stm32cube.ide.mcu.externaltools.gnu-tools-for-stm32.9-2020-q2-update.win32_2.0.0.202105311346/tools/bin/../lib/gcc/arm-none-eabi/9.3.1/../../../../arm-none-eabi/lib/thumb/v7e-m+fp/hard\libc_nano.a
START GROUP
LOAD c:/program files/st/stm32cubeide_1.3.0/stm32cubeide/plugins/com.st.stm32cube.ide.mcu.externaltools.gnu-tools-for-stm32.9-2020-q2-update.win32_2.0.0.202105311346/tools/bin/../lib/gcc/arm-none-eabi/9.3.1/thumb/v7e-m+fp/hard\libgcc.a
LOAD c:/program files/st/stm32cubeide_1.3.0/stm32cubeide/plugins/com.st.stm32cube.ide.mcu.externaltools.gnu-tools-for-stm32.9-2020-q2-update.win32_2.0.0.202105311346/tools/bin/../lib/gcc/arm-none-eabi/9.3.1/../../../../arm-none-eabi/lib/thumb/v7e-m+fp/hard\libc_nano.a
END GROUP
START GROUP
LOAD c:/program files/st/stm32cubeide_1.3.0/stm32cubeide/plugins/com.st.stm32cube.ide.mcu.externaltools.gnu-tools-for-stm32.9-2020-q2-update.win32_2.0.0.202105311346/tools/bin/../lib/gcc/arm-none-eabi/9.3.1/thumb/v7e-m+fp/hard\libgcc.a
LOAD c:/program files/st/stm32cubeide_1.3.0/stm32cubeide/plugins/com.st.stm32cube.ide.mcu.externaltools.gnu-tools-for-stm32.9-2020-q2-update.win32_2.0.0.202105311346/tools/bin/../lib/gcc/arm-none-eabi/9.3.1/../../../../arm-none-eabi/lib/thumb/v7e-m+fp/hard\libc_nano.a
LOAD c:/program files/st/stm32cubeide_1.3.0/stm32cubeide/plugins/com.st.stm32cube.ide.mcu.externaltools.gnu-tools-for-stm32.9-2020-q2-update.win32_2.0.0.202105311346/tools/bin/../lib/gcc/arm-none-eabi/9.3.1/../../../../arm-none-eabi/lib/thumb/v7e-m+fp/hard\libnosys.a
END GROUP
START GROUP
LOAD c:/program files/st/stm32cubeide_1.3.0/stm32cubeide/plugins/com.st.stm32cube.ide.mcu.externaltools.gnu-tools-for-stm32.9-2020-q2-update.win32_2.0.0.202105311346/tools/bin/../lib/gcc/arm-none-eabi/9.3.1/thumb/v7e-m+fp/hard\libgcc.a
LOAD c:/program files/st/stm32cubeide_1.3.0/stm32cubeide/plugins/com.st.stm32cube.ide.mcu.externaltools.gnu-tools-for-stm32.9-2020-q2-update.win32_2.0.0.202105311346/tools/bin/../lib/gcc/arm-none-eabi/9.3.1/../../../../arm-none-eabi/lib/thumb/v7e-m+fp/hard\libc_nano.a
LOAD c:/program files/st/stm32cubeide_1.3.0/stm32cubeide/plugins/com.st.stm32cube.ide.mcu.externaltools.gnu-tools-for-stm32.9-2020-q2-update.win32_2.0.0.202105311346/tools/bin/../lib/gcc/arm-none-eabi/9.3.1/../../../../arm-none-eabi/lib/thumb/v7e-m+fp/hard\libnosys.a
END GROUP
LOAD c:/program files/st/stm32cubeide_1.3.0/stm32cubeide/plugins/com.st.stm32cube.ide.mcu.externaltools.gnu-tools-for-stm32.9-2020-q2-update.win32_2.0.0.202105311346/tools/bin/../lib/gcc/arm-none-eabi/9.3.1/thumb/v7e-m+fp/hard/crtend.o
LOAD c:/program files/st/stm32cubeide_1.3.0/stm32cubeide/plugins/com.st.stm32cube.ide.mcu.externaltools.gnu-tools-for-stm32.9-2020-q2-update.win32_2.0.0.202105311346/tools/bin/../lib/gcc/arm-none-eabi/9.3.1/thumb/v7e-m+fp/hard/crtn.o
                0x0000000020020000                _estack = (ORIGIN (RAM) + LENGTH (RAM))
                0x0000000000000200                _Min_Heap_Size = 0x200
                0x0000000000000400                _Min_Stack_Size = 0x400

.isr_vector     0x0000000008000000      0x194
                0x0000000008000000                . = ALIGN (0x4)
 *(.isr_vector)
 .isr_vector    0x0000000008000000      0x194 ./Core/Startup/startup_stm32l451rctx.o
                0x0000000008000000                g_pfnVectors
                0x0000000008000194                . = ALIGN (0x4)

.text           0x00000000080001a0     0x8114
                0x00000000080001a0                . = ALIGN (0x4)
 *(.text)
 .text          0x00000000080001a0       0x40 c:/program files/st/stm32cubeide_1.3.0/stm32cubeide/plugins/com.st.stm32cube.ide.mcu.externaltools.gnu-tools-for-stm32.9-2020-q2-update.win32_2.0.0.202105311346/tools/bin/../lib/gcc/arm-none-eabi/9.3.1/thumb/v7e-m+fp/hard/crtbegin.o
 .text          0x00000000080001e0       0xa0 c:/program files/st/stm32cubeide_1.3.0/stm32cubeide/plugins/com.st.stm32cube.ide.mcu.externaltools.gnu-tools-for-stm32.9-2020-q2-update.win32_2.0.0.202105311346/tools/bin/../lib/gcc/arm-none-eabi/9.3.1/../../../../arm-none-eabi/lib/thumb/v7e-m+fp/hard\libc_nano.a(lib_a-memchr.o)
                0x00000000080001e0                memchr
 *(.text*)
 .text.main     0x0000000008000280       0x74 ./Core/Src/main.o
                0x0000000008000280                main
 .text.SystemClock_Config
                0x00000000080002f4       0x8c ./Core/Src/main.o
                0x00000000080002f4                SystemClock_Config
 .text.MX_I2C1_Init
                0x0000000008000380       0x7c ./Core/Src/main.o
 .text.MX_GPIO_Init
                0x00000000080003fc      0x130 ./Core/Src/main.o
 .text.StartDefaultTask
                0x000000000800052c       0x10 ./Core/Src/main.o
                0x000000000800052c                StartDefaultTask
 .text.HAL_TIM_PeriodElapsedCallback
                0x000000000800053c       0x24 ./Core/Src/main.o
                0x000000000800053c                HAL_TIM_PeriodElapsedCallback
 .text.Error_Handler
                0x0000000008000560       0x18 ./Core/Src/main.o
                0x0000000008000560                Error_Handler
 .text.HAL_MspInit
                0x0000000008000578       0x50 ./Core/Src/stm32l4xx_hal_msp.o
                0x0000000008000578                HAL_MspInit
 .text.HAL_I2C_MspInit
                0x00000000080005c8       0xb4 ./Core/Src/stm32l4xx_hal_msp.o
                0x00000000080005c8                HAL_I2C_MspInit
 .text.HAL_I2C_MspDeInit
                0x000000000800067c       0x48 ./Core/Src/stm32l4xx_hal_msp.o
                0x000000000800067c                HAL_I2C_MspDeInit
 .text.HAL_InitTick
                0x00000000080006c4       0xac ./Core/Src/stm32l4xx_hal_timebase_tim.o
                0x00000000080006c4                HAL_InitTick
 .text.NMI_Handler
                0x0000000008000770        0x6 ./Core/Src/stm32l4xx_it.o
                0x0000000008000770                NMI_Handler
 .text.HardFault_Handler
                0x0000000008000776        0x6 ./Core/Src/stm32l4xx_it.o
                0x0000000008000776                HardFault_Handler
 .text.MemManage_Handler
                0x000000000800077c        0x6 ./Core/Src/stm32l4xx_it.o
                0x000000000800077c                MemManage_Handler
 .text.BusFault_Handler
                0x0000000008000782        0x6 ./Core/Src/stm32l4xx_it.o
                0x0000000008000782                BusFault_Handler
 .text.UsageFault_Handler
                0x0000000008000788        0x6 ./Core/Src/stm32l4xx_it.o
                0x0000000008000788                UsageFault_Handler
 .text.DebugMon_Handler
                0x000000000800078e        0xe ./Core/Src/stm32l4xx_it.o
                0x000000000800078e                DebugMon_Handler
 .text.EXTI9_5_IRQHandler
                0x000000000800079c       0x10 ./Core/Src/stm32l4xx_it.o
                0x000000000800079c                EXTI9_5_IRQHandler
 .text.EXTI15_10_IRQHandler
                0x00000000080007ac       0x28 ./Core/Src/stm32l4xx_it.o
                0x00000000080007ac                EXTI15_10_IRQHandler
 .text.TIM6_DAC_IRQHandler
                0x00000000080007d4       0x14 ./Core/Src/stm32l4xx_it.o
                0x00000000080007d4                TIM6_DAC_IRQHandler
 .text._sbrk    0x00000000080007e8       0x6c ./Core/Src/sysmem.o
                0x00000000080007e8                _sbrk
 .text.SystemInit
                0x0000000008000854       0x24 ./Core/Src/system_stm32l4xx.o
                0x0000000008000854                SystemInit
 .text.Reset_Handler
                0x0000000008000878       0x50 ./Core/Startup/startup_stm32l451rctx.o
                0x0000000008000878                Reset_Handler
 .text.Default_Handler
                0x00000000080008c8        0x2 ./Core/Startup/startup_stm32l451rctx.o
                0x00000000080008c8                RTC_Alarm_IRQHandler
                0x00000000080008c8                EXTI2_IRQHandler
                0x00000000080008c8                TIM1_CC_IRQHandler
                0x00000000080008c8                TSC_IRQHandler
                0x00000000080008c8                TAMP_STAMP_IRQHandler
                0x00000000080008c8                EXTI3_IRQHandler
                0x00000000080008c8                LPTIM2_IRQHandler
                0x00000000080008c8                DFSDM1_FLT1_IRQHandler
                0x00000000080008c8                I2C3_ER_IRQHandler
                0x00000000080008c8                EXTI0_IRQHandler
                0x00000000080008c8                I2C2_EV_IRQHandler
                0x00000000080008c8                CAN1_RX0_IRQHandler
                0x00000000080008c8                FPU_IRQHandler
                0x00000000080008c8                TIM1_UP_TIM16_IRQHandler
                0x00000000080008c8                SPI1_IRQHandler
                0x00000000080008c8                DMA2_Channel2_IRQHandler
                0x00000000080008c8                DMA1_Channel4_IRQHandler
                0x00000000080008c8                ADC1_IRQHandler
                0x00000000080008c8                USART3_IRQHandler
                0x00000000080008c8                DMA1_Channel7_IRQHandler
                0x00000000080008c8                CAN1_RX1_IRQHandler
                0x00000000080008c8                DMA2_Channel1_IRQHandler
                0x00000000080008c8                QUADSPI_IRQHandler
                0x00000000080008c8                I2C1_EV_IRQHandler
                0x00000000080008c8                DMA1_Channel6_IRQHandler
                0x00000000080008c8                UART4_IRQHandler
                0x00000000080008c8                DMA2_Channel4_IRQHandler
                0x00000000080008c8                TIM3_IRQHandler
                0x00000000080008c8                RCC_IRQHandler
                0x00000000080008c8                TIM1_TRG_COM_IRQHandler
                0x00000000080008c8                DMA1_Channel1_IRQHandler
                0x00000000080008c8                Default_Handler
                0x00000000080008c8                DMA2_Channel7_IRQHandler
                0x00000000080008c8                SDMMC1_IRQHandler
                0x00000000080008c8                I2C3_EV_IRQHandler
                0x00000000080008c8                RTC_WKUP_IRQHandler
                0x00000000080008c8                PVD_PVM_IRQHandler
                0x00000000080008c8                SPI2_IRQHandler
                0x00000000080008c8                CAN1_TX_IRQHandler
                0x00000000080008c8                DMA2_Channel5_IRQHandler
                0x00000000080008c8                CRS_IRQHandler
                0x00000000080008c8                DMA1_Channel5_IRQHandler
                0x00000000080008c8                EXTI4_IRQHandler
                0x00000000080008c8                RNG_IRQHandler
                0x00000000080008c8                DMA1_Channel3_IRQHandler
                0x00000000080008c8                COMP_IRQHandler
                0x00000000080008c8                WWDG_IRQHandler
                0x00000000080008c8                I2C4_EV_IRQHandler
                0x00000000080008c8                LPUART1_IRQHandler
                0x00000000080008c8                DMA2_Channel6_IRQHandler
                0x00000000080008c8                TIM2_IRQHandler
                0x00000000080008c8                EXTI1_IRQHandler
                0x00000000080008c8                USART2_IRQHandler
                0x00000000080008c8                DFSDM1_FLT0_IRQHandler
                0x00000000080008c8                I2C2_ER_IRQHandler
                0x00000000080008c8                DMA1_Channel2_IRQHandler
                0x00000000080008c8                CAN1_SCE_IRQHandler
                0x00000000080008c8                FLASH_IRQHandler
                0x00000000080008c8                USART1_IRQHandler
                0x00000000080008c8                SPI3_IRQHandler
                0x00000000080008c8                I2C1_ER_IRQHandler
                0x00000000080008c8                LPTIM1_IRQHandler
                0x00000000080008c8                I2C4_ER_IRQHandler
                0x00000000080008c8                SAI1_IRQHandler
                0x00000000080008c8                DMA2_Channel3_IRQHandler
                0x00000000080008c8                TIM1_BRK_TIM15_IRQHandler
 .text.HAL_Init
                0x00000000080008ca       0x30 ./Drivers/STM32L4xx_HAL_Driver/Src/stm32l4xx_hal.o
                0x00000000080008ca                HAL_Init
 *fill*         0x00000000080008fa        0x2 
 .text.HAL_IncTick
                0x00000000080008fc       0x28 ./Drivers/STM32L4xx_HAL_Driver/Src/stm32l4xx_hal.o
                0x00000000080008fc                HAL_IncTick
 .text.HAL_GetTick
                0x0000000008000924       0x18 ./Drivers/STM32L4xx_HAL_Driver/Src/stm32l4xx_hal.o
                0x0000000008000924                HAL_GetTick
 .text.HAL_Delay
                0x000000000800093c       0x48 ./Drivers/STM32L4xx_HAL_Driver/Src/stm32l4xx_hal.o
                0x000000000800093c                HAL_Delay
 .text.__NVIC_SetPriorityGrouping
                0x0000000008000984       0x48 ./Drivers/STM32L4xx_HAL_Driver/Src/stm32l4xx_hal_cortex.o
 .text.__NVIC_GetPriorityGrouping
                0x00000000080009cc       0x1c ./Drivers/STM32L4xx_HAL_Driver/Src/stm32l4xx_hal_cortex.o
 .text.__NVIC_EnableIRQ
                0x00000000080009e8       0x3c ./Drivers/STM32L4xx_HAL_Driver/Src/stm32l4xx_hal_cortex.o
 .text.__NVIC_SetPriority
                0x0000000008000a24       0x54 ./Drivers/STM32L4xx_HAL_Driver/Src/stm32l4xx_hal_cortex.o
 .text.NVIC_EncodePriority
                0x0000000008000a78       0x66 ./Drivers/STM32L4xx_HAL_Driver/Src/stm32l4xx_hal_cortex.o
 .text.HAL_NVIC_SetPriorityGrouping
                0x0000000008000ade       0x16 ./Drivers/STM32L4xx_HAL_Driver/Src/stm32l4xx_hal_cortex.o
                0x0000000008000ade                HAL_NVIC_SetPriorityGrouping
 .text.HAL_NVIC_SetPriority
                0x0000000008000af4       0x38 ./Drivers/STM32L4xx_HAL_Driver/Src/stm32l4xx_hal_cortex.o
                0x0000000008000af4                HAL_NVIC_SetPriority
 .text.HAL_NVIC_EnableIRQ
                0x0000000008000b2c       0x1c ./Drivers/STM32L4xx_HAL_Driver/Src/stm32l4xx_hal_cortex.o
                0x0000000008000b2c                HAL_NVIC_EnableIRQ
 .text.HAL_GPIO_Init
                0x0000000008000b48      0x2f4 ./Drivers/STM32L4xx_HAL_Driver/Src/stm32l4xx_hal_gpio.o
                0x0000000008000b48                HAL_GPIO_Init
 .text.HAL_GPIO_DeInit
                0x0000000008000e3c      0x1b4 ./Drivers/STM32L4xx_HAL_Driver/Src/stm32l4xx_hal_gpio.o
                0x0000000008000e3c                HAL_GPIO_DeInit
 .text.HAL_GPIO_ReadPin
                0x0000000008000ff0       0x30 ./Drivers/STM32L4xx_HAL_Driver/Src/stm32l4xx_hal_gpio.o
                0x0000000008000ff0                HAL_GPIO_ReadPin
 .text.HAL_GPIO_WritePin
                0x0000000008001020       0x30 ./Drivers/STM32L4xx_HAL_Driver/Src/stm32l4xx_hal_gpio.o
                0x0000000008001020                HAL_GPIO_WritePin
 .text.HAL_GPIO_TogglePin
                0x0000000008001050       0x34 ./Drivers/STM32L4xx_HAL_Driver/Src/stm32l4xx_hal_gpio.o
                0x0000000008001050                HAL_GPIO_TogglePin
 .text.HAL_GPIO_EXTI_IRQHandler
                0x0000000008001084       0x30 ./Drivers/STM32L4xx_HAL_Driver/Src/stm32l4xx_hal_gpio.o
                0x0000000008001084                HAL_GPIO_EXTI_IRQHandler
 .text.HAL_I2C_Init
                0x00000000080010b4      0x11e ./Drivers/STM32L4xx_HAL_Driver/Src/stm32l4xx_hal_i2c.o
                0x00000000080010b4                HAL_I2C_Init
 .text.HAL_I2C_DeInit
                0x00000000080011d2       0x5e ./Drivers/STM32L4xx_HAL_Driver/Src/stm32l4xx_hal_i2c.o
                0x00000000080011d2                HAL_I2C_DeInit
 .text.HAL_I2C_Master_Transmit
                0x0000000008001230      0x1e8 ./Drivers/STM32L4xx_HAL_Driver/Src/stm32l4xx_hal_i2c.o
                0x0000000008001230                HAL_I2C_Master_Transmit
 .text.HAL_I2C_Master_Receive
                0x0000000008001418      0x1ec ./Drivers/STM32L4xx_HAL_Driver/Src/stm32l4xx_hal_i2c.o
                0x0000000008001418                HAL_I2C_Master_Receive
 .text.HAL_I2C_Mem_Write
                0x0000000008001604      0x228 ./Drivers/STM32L4xx_HAL_Driver/Src/stm32l4xx_hal_i2c.o
                0x0000000008001604                HAL_I2C_Mem_Write
 .text.I2C_RequestMemoryWrite
                0x000000000800182c       0xa8 ./Drivers/STM32L4xx_HAL_Driver/Src/stm32l4xx_hal_i2c.o
 .text.I2C_Flush_TXDR
                0x00000000080018d4       0x48 ./Drivers/STM32L4xx_HAL_Driver/Src/stm32l4xx_hal_i2c.o
 .text.I2C_WaitOnFlagUntilTimeout
                0x000000000800191c       0x80 ./Drivers/STM32L4xx_HAL_Driver/Src/stm32l4xx_hal_i2c.o
 .text.I2C_WaitOnTXISFlagUntilTimeout
                0x000000000800199c       0x80 ./Drivers/STM32L4xx_HAL_Driver/Src/stm32l4xx_hal_i2c.o
 .text.I2C_WaitOnSTOPFlagUntilTimeout
                0x0000000008001a1c       0x78 ./Drivers/STM32L4xx_HAL_Driver/Src/stm32l4xx_hal_i2c.o
 .text.I2C_WaitOnRXNEFlagUntilTimeout
                0x0000000008001a94       0xf4 ./Drivers/STM32L4xx_HAL_Driver/Src/stm32l4xx_hal_i2c.o
 .text.I2C_IsErrorOccurred
                0x0000000008001b88      0x1d8 ./Drivers/STM32L4xx_HAL_Driver/Src/stm32l4xx_hal_i2c.o
 .text.I2C_TransferConfig
                0x0000000008001d60       0x64 ./Drivers/STM32L4xx_HAL_Driver/Src/stm32l4xx_hal_i2c.o
 .text.HAL_I2CEx_ConfigAnalogFilter
                0x0000000008001dc4       0x96 ./Drivers/STM32L4xx_HAL_Driver/Src/stm32l4xx_hal_i2c_ex.o
                0x0000000008001dc4                HAL_I2CEx_ConfigAnalogFilter
 .text.HAL_I2CEx_ConfigDigitalFilter
                0x0000000008001e5a       0x98 ./Drivers/STM32L4xx_HAL_Driver/Src/stm32l4xx_hal_i2c_ex.o
                0x0000000008001e5a                HAL_I2CEx_ConfigDigitalFilter
 *fill*         0x0000000008001ef2        0x2 
 .text.HAL_PWREx_GetVoltageRange
                0x0000000008001ef4       0x1c ./Drivers/STM32L4xx_HAL_Driver/Src/stm32l4xx_hal_pwr_ex.o
                0x0000000008001ef4                HAL_PWREx_GetVoltageRange
 .text.HAL_PWREx_ControlVoltageScaling
                0x0000000008001f10       0xac ./Drivers/STM32L4xx_HAL_Driver/Src/stm32l4xx_hal_pwr_ex.o
                0x0000000008001f10                HAL_PWREx_ControlVoltageScaling
 .text.HAL_RCC_OscConfig
                0x0000000008001fbc      0x840 ./Drivers/STM32L4xx_HAL_Driver/Src/stm32l4xx_hal_rcc.o
                0x0000000008001fbc                HAL_RCC_OscConfig
 .text.HAL_RCC_ClockConfig
                0x00000000080027fc      0x1c4 ./Drivers/STM32L4xx_HAL_Driver/Src/stm32l4xx_hal_rcc.o
                0x00000000080027fc                HAL_RCC_ClockConfig
 .text.HAL_RCC_GetSysClockFreq
                0x00000000080029c0      0x118 ./Drivers/STM32L4xx_HAL_Driver/Src/stm32l4xx_hal_rcc.o
                0x00000000080029c0                HAL_RCC_GetSysClockFreq
 .text.HAL_RCC_GetHCLKFreq
                0x0000000008002ad8       0x18 ./Drivers/STM32L4xx_HAL_Driver/Src/stm32l4xx_hal_rcc.o
                0x0000000008002ad8                HAL_RCC_GetHCLKFreq
 .text.HAL_RCC_GetPCLK1Freq
                0x0000000008002af0       0x2c ./Drivers/STM32L4xx_HAL_Driver/Src/stm32l4xx_hal_rcc.o
                0x0000000008002af0                HAL_RCC_GetPCLK1Freq
 .text.HAL_RCC_GetClockConfig
                0x0000000008002b1c       0x64 ./Drivers/STM32L4xx_HAL_Driver/Src/stm32l4xx_hal_rcc.o
                0x0000000008002b1c                HAL_RCC_GetClockConfig
 .text.RCC_SetFlashLatencyFromMSIRange
                0x0000000008002b80       0xc0 ./Drivers/STM32L4xx_HAL_Driver/Src/stm32l4xx_hal_rcc.o
 .text.HAL_RCCEx_PeriphCLKConfig
                0x0000000008002c40      0x474 ./Drivers/STM32L4xx_HAL_Driver/Src/stm32l4xx_hal_rcc_ex.o
                0x0000000008002c40                HAL_RCCEx_PeriphCLKConfig
 .text.RCCEx_PLLSAI1_Config
                0x00000000080030b4      0x1e4 ./Drivers/STM32L4xx_HAL_Driver/Src/stm32l4xx_hal_rcc_ex.o
 .text.HAL_TIM_Base_Init
                0x0000000008003298       0xae ./Drivers/STM32L4xx_HAL_Driver/Src/stm32l4xx_hal_tim.o
                0x0000000008003298                HAL_TIM_Base_Init
 .text.HAL_TIM_Base_MspInit
                0x0000000008003346       0x14 ./Drivers/STM32L4xx_HAL_Driver/Src/stm32l4xx_hal_tim.o
                0x0000000008003346                HAL_TIM_Base_MspInit
 *fill*         0x000000000800335a        0x2 
 .text.HAL_TIM_Base_Start_IT
                0x000000000800335c       0xb8 ./Drivers/STM32L4xx_HAL_Driver/Src/stm32l4xx_hal_tim.o
                0x000000000800335c                HAL_TIM_Base_Start_IT
 .text.HAL_TIM_IRQHandler
                0x0000000008003414      0x23e ./Drivers/STM32L4xx_HAL_Driver/Src/stm32l4xx_hal_tim.o
                0x0000000008003414                HAL_TIM_IRQHandler
 .text.HAL_TIM_OC_DelayElapsedCallback
                0x0000000008003652       0x14 ./Drivers/STM32L4xx_HAL_Driver/Src/stm32l4xx_hal_tim.o
                0x0000000008003652                HAL_TIM_OC_DelayElapsedCallback
 .text.HAL_TIM_IC_CaptureCallback
                0x0000000008003666       0x14 ./Drivers/STM32L4xx_HAL_Driver/Src/stm32l4xx_hal_tim.o
                0x0000000008003666                HAL_TIM_IC_CaptureCallback
 .text.HAL_TIM_PWM_PulseFinishedCallback
                0x000000000800367a       0x14 ./Drivers/STM32L4xx_HAL_Driver/Src/stm32l4xx_hal_tim.o
                0x000000000800367a                HAL_TIM_PWM_PulseFinishedCallback
 .text.HAL_TIM_TriggerCallback
                0x000000000800368e       0x14 ./Drivers/STM32L4xx_HAL_Driver/Src/stm32l4xx_hal_tim.o
                0x000000000800368e                HAL_TIM_TriggerCallback
 *fill*         0x00000000080036a2        0x2 
 .text.TIM_Base_SetConfig
                0x00000000080036a4       0xdc ./Drivers/STM32L4xx_HAL_Driver/Src/stm32l4xx_hal_tim.o
                0x00000000080036a4                TIM_Base_SetConfig
 .text.HAL_TIMEx_CommutCallback
                0x0000000008003780       0x14 ./Drivers/STM32L4xx_HAL_Driver/Src/stm32l4xx_hal_tim_ex.o
                0x0000000008003780                HAL_TIMEx_CommutCallback
 .text.HAL_TIMEx_BreakCallback
                0x0000000008003794       0x14 ./Drivers/STM32L4xx_HAL_Driver/Src/stm32l4xx_hal_tim_ex.o
                0x0000000008003794                HAL_TIMEx_BreakCallback
 .text.HAL_TIMEx_Break2Callback
                0x00000000080037a8       0x14 ./Drivers/STM32L4xx_HAL_Driver/Src/stm32l4xx_hal_tim_ex.o
                0x00000000080037a8                HAL_TIMEx_Break2Callback
 .text.__NVIC_SetPriority
                0x00000000080037bc       0x54 ./Middlewares/Third_Party/FreeRTOS/Source/CMSIS_RTOS_V2/cmsis_os2.o
 .text.SysTick_Handler
                0x0000000008003810       0x20 ./Middlewares/Third_Party/FreeRTOS/Source/CMSIS_RTOS_V2/cmsis_os2.o
                0x0000000008003810                SysTick_Handler
 .text.SVC_Setup
                0x0000000008003830       0x12 ./Middlewares/Third_Party/FreeRTOS/Source/CMSIS_RTOS_V2/cmsis_os2.o
 *fill*         0x0000000008003842        0x2 
 .text.osKernelInitialize
                0x0000000008003844       0x48 ./Middlewares/Third_Party/FreeRTOS/Source/CMSIS_RTOS_V2/cmsis_os2.o
                0x0000000008003844                osKernelInitialize
 .text.osKernelStart
                0x000000000800388c       0x4c ./Middlewares/Third_Party/FreeRTOS/Source/CMSIS_RTOS_V2/cmsis_os2.o
                0x000000000800388c                osKernelStart
 .text.osThreadNew
                0x00000000080038d8      0x124 ./Middlewares/Third_Party/FreeRTOS/Source/CMSIS_RTOS_V2/cmsis_os2.o
                0x00000000080038d8                osThreadNew
 .text.osDelay  0x00000000080039fc       0x36 ./Middlewares/Third_Party/FreeRTOS/Source/CMSIS_RTOS_V2/cmsis_os2.o
                0x00000000080039fc                osDelay
 .text.osSemaphoreNew
                0x0000000008003a32      0x112 ./Middlewares/Third_Party/FreeRTOS/Source/CMSIS_RTOS_V2/cmsis_os2.o
                0x0000000008003a32                osSemaphoreNew
 .text.osSemaphoreAcquire
                0x0000000008003b44       0xa4 ./Middlewares/Third_Party/FreeRTOS/Source/CMSIS_RTOS_V2/cmsis_os2.o
                0x0000000008003b44                osSemaphoreAcquire
 .text.osSemaphoreRelease
                0x0000000008003be8       0x88 ./Middlewares/Third_Party/FreeRTOS/Source/CMSIS_RTOS_V2/cmsis_os2.o
                0x0000000008003be8                osSemaphoreRelease
 .text.osMessageQueueNew
                0x0000000008003c70       0xe6 ./Middlewares/Third_Party/FreeRTOS/Source/CMSIS_RTOS_V2/cmsis_os2.o
                0x0000000008003c70                osMessageQueueNew
 *fill*         0x0000000008003d56        0x2 
 .text.osMessageQueuePut
                0x0000000008003d58       0xc0 ./Middlewares/Third_Party/FreeRTOS/Source/CMSIS_RTOS_V2/cmsis_os2.o
                0x0000000008003d58                osMessageQueuePut
 .text.osMessageQueueGet
                0x0000000008003e18       0xbc ./Middlewares/Third_Party/FreeRTOS/Source/CMSIS_RTOS_V2/cmsis_os2.o
                0x0000000008003e18                osMessageQueueGet
 .text.vApplicationGetIdleTaskMemory
                0x0000000008003ed4       0x34 ./Middlewares/Third_Party/FreeRTOS/Source/CMSIS_RTOS_V2/cmsis_os2.o
                0x0000000008003ed4                vApplicationGetIdleTaskMemory
 .text.vApplicationGetTimerTaskMemory
                0x0000000008003f08       0x34 ./Middlewares/Third_Party/FreeRTOS/Source/CMSIS_RTOS_V2/cmsis_os2.o
                0x0000000008003f08                vApplicationGetTimerTaskMemory
 .text.vListInitialise
                0x0000000008003f3c       0x40 ./Middlewares/Third_Party/FreeRTOS/Source/list.o
                0x0000000008003f3c                vListInitialise
 .text.vListInitialiseItem
                0x0000000008003f7c       0x1a ./Middlewares/Third_Party/FreeRTOS/Source/list.o
                0x0000000008003f7c                vListInitialiseItem
 .text.vListInsertEnd
                0x0000000008003f96       0x48 ./Middlewares/Third_Party/FreeRTOS/Source/list.o
                0x0000000008003f96                vListInsertEnd
 .text.vListInsert
                0x0000000008003fde       0x72 ./Middlewares/Third_Party/FreeRTOS/Source/list.o
                0x0000000008003fde                vListInsert
 .text.uxListRemove
                0x0000000008004050       0x54 ./Middlewares/Third_Party/FreeRTOS/Source/list.o
                0x0000000008004050                uxListRemove
 .text.xQueueGenericReset
                0x00000000080040a4       0xd0 ./Middlewares/Third_Party/FreeRTOS/Source/queue.o
                0x00000000080040a4                xQueueGenericReset
 .text.xQueueGenericCreateStatic
                0x0000000008004174       0xf0 ./Middlewares/Third_Party/FreeRTOS/Source/queue.o
                0x0000000008004174                xQueueGenericCreateStatic
 .text.xQueueGenericCreate
                0x0000000008004264       0x74 ./Middlewares/Third_Party/FreeRTOS/Source/queue.o
                0x0000000008004264                xQueueGenericCreate
 .text.prvInitialiseNewQueue
                0x00000000080042d8       0x46 ./Middlewares/Third_Party/FreeRTOS/Source/queue.o
 .text.xQueueCreateCountingSemaphoreStatic
                0x000000000800431e       0x6e ./Middlewares/Third_Party/FreeRTOS/Source/queue.o
                0x000000000800431e                xQueueCreateCountingSemaphoreStatic
 .text.xQueueCreateCountingSemaphore
                0x000000000800438c       0x66 ./Middlewares/Third_Party/FreeRTOS/Source/queue.o
                0x000000000800438c                xQueueCreateCountingSemaphore
 *fill*         0x00000000080043f2        0x2 
 .text.xQueueGenericSend
                0x00000000080043f4      0x1fc ./Middlewares/Third_Party/FreeRTOS/Source/queue.o
                0x00000000080043f4                xQueueGenericSend
 .text.xQueueGenericSendFromISR
                0x00000000080045f0      0x136 ./Middlewares/Third_Party/FreeRTOS/Source/queue.o
                0x00000000080045f0                xQueueGenericSendFromISR
 .text.xQueueGiveFromISR
                0x0000000008004726      0x11a ./Middlewares/Third_Party/FreeRTOS/Source/queue.o
                0x0000000008004726                xQueueGiveFromISR
 .text.xQueueReceive
                0x0000000008004840      0x1c0 ./Middlewares/Third_Party/FreeRTOS/Source/queue.o
                0x0000000008004840                xQueueReceive
 .text.xQueueSemaphoreTake
                0x0000000008004a00      0x218 ./Middlewares/Third_Party/FreeRTOS/Source/queue.o
                0x0000000008004a00                xQueueSemaphoreTake
 .text.xQueueReceiveFromISR
                0x0000000008004c18      0x100 ./Middlewares/Third_Party/FreeRTOS/Source/queue.o
                0x0000000008004c18                xQueueReceiveFromISR
 .text.vQueueDelete
                0x0000000008004d18       0x46 ./Middlewares/Third_Party/FreeRTOS/Source/queue.o
                0x0000000008004d18                vQueueDelete
 .text.prvGetDisinheritPriorityAfterTimeout
                0x0000000008004d5e       0x30 ./Middlewares/Third_Party/FreeRTOS/Source/queue.o
 .text.prvCopyDataToQueue
                0x0000000008004d8e       0xd4 ./Middlewares/Third_Party/FreeRTOS/Source/queue.o
 .text.prvCopyDataFromQueue
                0x0000000008004e62       0x4c ./Middlewares/Third_Party/FreeRTOS/Source/queue.o
 .text.prvUnlockQueue
                0x0000000008004eae       0xa4 ./Middlewares/Third_Party/FreeRTOS/Source/queue.o
 .text.prvIsQueueEmpty
                0x0000000008004f52       0x2c ./Middlewares/Third_Party/FreeRTOS/Source/queue.o
 .text.prvIsQueueFull
                0x0000000008004f7e       0x30 ./Middlewares/Third_Party/FreeRTOS/Source/queue.o
 *fill*         0x0000000008004fae        0x2 
 .text.vQueueAddToRegistry
                0x0000000008004fb0       0x54 ./Middlewares/Third_Party/FreeRTOS/Source/queue.o
                0x0000000008004fb0                vQueueAddToRegistry
 .text.vQueueUnregisterQueue
                0x0000000008005004       0x54 ./Middlewares/Third_Party/FreeRTOS/Source/queue.o
                0x0000000008005004                vQueueUnregisterQueue
 .text.vQueueWaitForMessageRestricted
                0x0000000008005058       0x68 ./Middlewares/Third_Party/FreeRTOS/Source/queue.o
                0x0000000008005058                vQueueWaitForMessageRestricted
 .text.xTaskCreateStatic
                0x00000000080050c0       0xba ./Middlewares/Third_Party/FreeRTOS/Source/tasks.o
                0x00000000080050c0                xTaskCreateStatic
 .text.xTaskCreate
                0x000000000800517a       0x8a ./Middlewares/Third_Party/FreeRTOS/Source/tasks.o
                0x000000000800517a                xTaskCreate
 .text.prvInitialiseNewTask
                0x0000000008005204      0x14c ./Middlewares/Third_Party/FreeRTOS/Source/tasks.o
 .text.prvAddNewTaskToReadyList
                0x0000000008005350       0xe0 ./Middlewares/Third_Party/FreeRTOS/Source/tasks.o
 .text.vTaskDelay
                0x0000000008005430       0x68 ./Middlewares/Third_Party/FreeRTOS/Source/tasks.o
                0x0000000008005430                vTaskDelay
 .text.vTaskStartScheduler
                0x0000000008005498       0xe0 ./Middlewares/Third_Party/FreeRTOS/Source/tasks.o
                0x0000000008005498                vTaskStartScheduler
 .text.vTaskSuspendAll
                0x0000000008005578       0x1c ./Middlewares/Third_Party/FreeRTOS/Source/tasks.o
                0x0000000008005578                vTaskSuspendAll
 .text.xTaskResumeAll
                0x0000000008005594      0x13c ./Middlewares/Third_Party/FreeRTOS/Source/tasks.o
                0x0000000008005594                xTaskResumeAll
 .text.xTaskGetTickCount
                0x00000000080056d0       0x20 ./Middlewares/Third_Party/FreeRTOS/Source/tasks.o
                0x00000000080056d0                xTaskGetTickCount
 .text.xTaskIncrementTick
                0x00000000080056f0      0x174 ./Middlewares/Third_Party/FreeRTOS/Source/tasks.o
                0x00000000080056f0                xTaskIncrementTick
 .text.vTaskSwitchContext
                0x0000000008005864       0xc8 ./Middlewares/Third_Party/FreeRTOS/Source/tasks.o
                0x0000000008005864                vTaskSwitchContext
 .text.vTaskPlaceOnEventList
                0x000000000800592c       0x48 ./Middlewares/Third_Party/FreeRTOS/Source/tasks.o
                0x000000000800592c                vTaskPlaceOnEventList
 .text.vTaskPlaceOnEventListRestricted
                0x0000000008005974       0x58 ./Middlewares/Third_Party/FreeRTOS/Source/tasks.o
                0x0000000008005974                vTaskPlaceOnEventListRestricted
 .text.xTaskRemoveFromEventList
                0x00000000080059cc       0xc8 ./Middlewares/Third_Party/FreeRTOS/Source/tasks.o
                0x00000000080059cc                xTaskRemoveFromEventList
 .text.vTaskInternalSetTimeOutState
                0x0000000008005a94       0x2c ./Middlewares/Third_Party/FreeRTOS/Source/tasks.o
                0x0000000008005a94                vTaskInternalSetTimeOutState
 .text.xTaskCheckForTimeOut
                0x0000000008005ac0       0xc4 ./Middlewares/Third_Party/FreeRTOS/Source/tasks.o
                0x0000000008005ac0                xTaskCheckForTimeOut
 .text.vTaskMissedYield
                0x0000000008005b84       0x18 ./Middlewares/Third_Party/FreeRTOS/Source/tasks.o
                0x0000000008005b84                vTaskMissedYield
 .text.prvIdleTask
                0x0000000008005b9c       0x30 ./Middlewares/Third_Party/FreeRTOS/Source/tasks.o
 .text.prvInitialiseTaskLists
                0x0000000008005bcc       0x80 ./Middlewares/Third_Party/FreeRTOS/Source/tasks.o
 .text.prvCheckTasksWaitingTermination
                0x0000000008005c4c       0x5c ./Middlewares/Third_Party/FreeRTOS/Source/tasks.o
 .text.prvDeleteTCB
                0x0000000008005ca8       0x68 ./Middlewares/Third_Party/FreeRTOS/Source/tasks.o
 .text.prvResetNextTaskUnblockTime
                0x0000000008005d10       0x40 ./Middlewares/Third_Party/FreeRTOS/Source/tasks.o
 .text.xTaskGetSchedulerState
                0x0000000008005d50       0x3c ./Middlewares/Third_Party/FreeRTOS/Source/tasks.o
                0x0000000008005d50                xTaskGetSchedulerState
 .text.xTaskPriorityInherit
                0x0000000008005d8c       0xd0 ./Middlewares/Third_Party/FreeRTOS/Source/tasks.o
                0x0000000008005d8c                xTaskPriorityInherit
 .text.xTaskPriorityDisinherit
                0x0000000008005e5c       0xdc ./Middlewares/Third_Party/FreeRTOS/Source/tasks.o
                0x0000000008005e5c                xTaskPriorityDisinherit
 .text.vTaskPriorityDisinheritAfterTimeout
                0x0000000008005f38      0x104 ./Middlewares/Third_Party/FreeRTOS/Source/tasks.o
                0x0000000008005f38                vTaskPriorityDisinheritAfterTimeout
 .text.pvTaskIncrementMutexHeldCount
                0x000000000800603c       0x28 ./Middlewares/Third_Party/FreeRTOS/Source/tasks.o
                0x000000000800603c                pvTaskIncrementMutexHeldCount
 .text.prvAddCurrentTaskToDelayedList
                0x0000000008006064       0xa8 ./Middlewares/Third_Party/FreeRTOS/Source/tasks.o
 .text.xTimerCreateTimerTask
                0x000000000800610c       0x90 ./Middlewares/Third_Party/FreeRTOS/Source/timers.o
                0x000000000800610c                xTimerCreateTimerTask
 .text.xTimerGenericCommand
                0x000000000800619c       0x9c ./Middlewares/Third_Party/FreeRTOS/Source/timers.o
                0x000000000800619c                xTimerGenericCommand
 .text.prvProcessExpiredTimer
                0x0000000008006238       0x98 ./Middlewares/Third_Party/FreeRTOS/Source/timers.o
 .text.prvTimerTask
                0x00000000080062d0       0x24 ./Middlewares/Third_Party/FreeRTOS/Source/timers.o
 .text.prvProcessTimerOrBlockTask
                0x00000000080062f4       0x9c ./Middlewares/Third_Party/FreeRTOS/Source/timers.o
 .text.prvGetNextExpireTime
                0x0000000008006390       0x48 ./Middlewares/Third_Party/FreeRTOS/Source/timers.o
 .text.prvSampleTimeNow
                0x00000000080063d8       0x40 ./Middlewares/Third_Party/FreeRTOS/Source/timers.o
 .text.prvInsertTimerInActiveList
                0x0000000008006418       0x84 ./Middlewares/Third_Party/FreeRTOS/Source/timers.o
 .text.prvProcessReceivedCommands
                0x000000000800649c      0x1c4 ./Middlewares/Third_Party/FreeRTOS/Source/timers.o
 .text.prvSwitchTimerLists
                0x0000000008006660       0xc8 ./Middlewares/Third_Party/FreeRTOS/Source/timers.o
 .text.prvCheckForValidListAndQueue
                0x0000000008006728       0x80 ./Middlewares/Third_Party/FreeRTOS/Source/timers.o
 .text.pxPortInitialiseStack
                0x00000000080067a8       0x68 ./Middlewares/Third_Party/FreeRTOS/Source/portable/GCC/ARM_CM4F/port.o
                0x00000000080067a8                pxPortInitialiseStack
 .text.prvTaskExitError
                0x0000000008006810       0x58 ./Middlewares/Third_Party/FreeRTOS/Source/portable/GCC/ARM_CM4F/port.o
 *fill*         0x0000000008006868        0x8 
 .text.SVC_Handler
                0x0000000008006870       0x28 ./Middlewares/Third_Party/FreeRTOS/Source/portable/GCC/ARM_CM4F/port.o
                0x0000000008006870                SVC_Handler
 .text.prvPortStartFirstTask
                0x0000000008006898       0x28 ./Middlewares/Third_Party/FreeRTOS/Source/portable/GCC/ARM_CM4F/port.o
 .text.xPortStartScheduler
                0x00000000080068c0      0x144 ./Middlewares/Third_Party/FreeRTOS/Source/portable/GCC/ARM_CM4F/port.o
                0x00000000080068c0                xPortStartScheduler
 .text.vPortEnterCritical
                0x0000000008006a04       0x60 ./Middlewares/Third_Party/FreeRTOS/Source/portable/GCC/ARM_CM4F/port.o
                0x0000000008006a04                vPortEnterCritical
 .text.vPortExitCritical
                0x0000000008006a64       0x54 ./Middlewares/Third_Party/FreeRTOS/Source/portable/GCC/ARM_CM4F/port.o
                0x0000000008006a64                vPortExitCritical
 *fill*         0x0000000008006ab8        0x8 
 .text.PendSV_Handler
                0x0000000008006ac0       0x68 ./Middlewares/Third_Party/FreeRTOS/Source/portable/GCC/ARM_CM4F/port.o
                0x0000000008006ac0                PendSV_Handler
 .text.xPortSysTickHandler
                0x0000000008006b28       0x44 ./Middlewares/Third_Party/FreeRTOS/Source/portable/GCC/ARM_CM4F/port.o
                0x0000000008006b28                xPortSysTickHandler
 .text.vPortSetupTimerInterrupt
                0x0000000008006b6c       0x48 ./Middlewares/Third_Party/FreeRTOS/Source/portable/GCC/ARM_CM4F/port.o
                0x0000000008006b6c                vPortSetupTimerInterrupt
 .text.vPortEnableVFP
                0x0000000008006bb4       0x14 ./Middlewares/Third_Party/FreeRTOS/Source/portable/GCC/ARM_CM4F/port.o
 .text.vPortValidateInterruptPriority
                0x0000000008006bc8       0x80 ./Middlewares/Third_Party/FreeRTOS/Source/portable/GCC/ARM_CM4F/port.o
                0x0000000008006bc8                vPortValidateInterruptPriority
 .text.pvPortMalloc
                0x0000000008006c48       0x24 ./Middlewares/Third_Party/FreeRTOS/Source/portable/MemMang/heap_3.o
                0x0000000008006c48                pvPortMalloc
 .text.vPortFree
                0x0000000008006c6c       0x24 ./Middlewares/Third_Party/FreeRTOS/Source/portable/MemMang/heap_3.o
                0x0000000008006c6c                vPortFree
 .text._ZN11SmallScreen4initEv
                0x0000000008006c90       0x1a ./User/Src/Display/SmallScreen.o
                0x0000000008006c90                SmallScreen::init()
 .text._ZN11SmallScreen5clearEv
                0x0000000008006caa       0x4e ./User/Src/Display/SmallScreen.o
                0x0000000008006caa                SmallScreen::clear()
 .text._ZN11SmallScreen10appendLineEPKc
                0x0000000008006cf8       0xbc ./User/Src/Display/SmallScreen.o
                0x0000000008006cf8                SmallScreen::appendLine(char const*)
 .text._ZN7SSD13064initEv
                0x0000000008006db4       0xd8 ./User/Src/Display/Ssd1306.o
                0x0000000008006db4                SSD1306::init()
 .text._ZN7SSD130611sendCommandEh
                0x0000000008006e8c       0x32 ./User/Src/Display/Ssd1306.o
                0x0000000008006e8c                SSD1306::sendCommand(unsigned char)
 .text._ZN7SSD130616setDisplayOffsetEh
                0x0000000008006ebe       0x2a ./User/Src/Display/Ssd1306.o
                0x0000000008006ebe                SSD1306::setDisplayOffset(unsigned char)
 .text._ZN7SSD130614setDrawingAreaEhhhh
                0x0000000008006ee8       0x5a ./User/Src/Display/Ssd1306.o
                0x0000000008006ee8                SSD1306::setDrawingArea(unsigned char, unsigned char, unsigned char, unsigned char)
 .text._ZN7SSD130615sendFramebufferEPhh
                0x0000000008006f42       0x54 ./User/Src/Display/Ssd1306.o
                0x0000000008006f42                SSD1306::sendFramebuffer(unsigned char*, unsigned char)
 .text._ZN7SSD1306C2ER19__I2C_HandleTypeDef
                0x0000000008006f96       0x1e ./User/Src/EnvSensorV2.o
                0x0000000008006f96                SSD1306::SSD1306(__I2C_HandleTypeDef&)
                0x0000000008006f96                SSD1306::SSD1306(__I2C_HandleTypeDef&)
 .text._ZN11SmallScreenC2Ev
                0x0000000008006fb4       0x28 ./User/Src/EnvSensorV2.o
                0x0000000008006fb4                SmallScreen::SmallScreen()
                0x0000000008006fb4                SmallScreen::SmallScreen()
 .text._ZN6Bmp280C2ER19__I2C_HandleTypeDef
                0x0000000008006fdc       0x1e ./User/Src/EnvSensorV2.o
                0x0000000008006fdc                Bmp280::Bmp280(__I2C_HandleTypeDef&)
                0x0000000008006fdc                Bmp280::Bmp280(__I2C_HandleTypeDef&)
 *fill*         0x0000000008006ffa        0x2 
 .text._Z8vLEDTaskPv
                0x0000000008006ffc       0x20 ./User/Src/EnvSensorV2.o
                0x0000000008006ffc                vLEDTask(void*)
 .text._Z29sensorReadoutsCollectorThreadPv
                0x000000000800701c       0x4c ./User/Src/EnvSensorV2.o
                0x000000000800701c                sensorReadoutsCollectorThread(void*)
 .text.EnvSensorV2_Init
                0x0000000008007068       0xc8 ./User/Src/EnvSensorV2.o
                0x0000000008007068                EnvSensorV2_Init
 .text.HAL_GPIO_EXTI_Callback
                0x0000000008007130       0x1e ./User/Src/EnvSensorV2.o
                0x0000000008007130                HAL_GPIO_EXTI_Callback
 *fill*         0x000000000800714e        0x2 
 .text._Z41__static_initialization_and_destruction_0ii
                0x0000000008007150       0x3c ./User/Src/EnvSensorV2.o
 .text._GLOBAL__sub_I_smallScreen
                0x000000000800718c       0x10 ./User/Src/EnvSensorV2.o
 .text.ftoa     0x000000000800719c      0x230 ./User/Src/ftoa.o
                0x000000000800719c                ftoa
 .text._ZN5Scd30C2ER19__I2C_HandleTypeDef
                0x00000000080073cc       0x1e ./User/Src/Sensors/CO2Sensor.o
                0x00000000080073cc                Scd30::Scd30(__I2C_HandleTypeDef&)
                0x00000000080073cc                Scd30::Scd30(__I2C_HandleTypeDef&)
 *fill*         0x00000000080073ea        0x2 
 .text._Z13CO2SensorInitv
                0x00000000080073ec       0xbc ./User/Src/Sensors/CO2Sensor.o
                0x00000000080073ec                CO2SensorInit()
 .text._Z11vCO2ReadoutPv
                0x00000000080074a8       0xd0 ./User/Src/Sensors/CO2Sensor.o
                0x00000000080074a8                vCO2Readout(void*)
 .text._Z27SCD30ReadyInterrupedHandlerv
                0x0000000008007578       0x20 ./User/Src/Sensors/CO2Sensor.o
                0x0000000008007578                SCD30ReadyInterrupedHandler()
 .text._Z41__static_initialization_and_destruction_0ii
                0x0000000008007598       0x34 ./User/Src/Sensors/CO2Sensor.o
 .text._GLOBAL__sub_I_scd30
                0x00000000080075cc       0x10 ./User/Src/Sensors/CO2Sensor.o
 .text._ZN5Scd3011computeCRC8EPh
                0x00000000080075dc       0x6c ./User/Src/Sensors/Devices/Scd30.o
                0x00000000080075dc                Scd30::computeCRC8(unsigned char*)
 .text._ZN5Scd3011sendCommandEtt
                0x0000000008007648       0x5c ./User/Src/Sensors/Devices/Scd30.o
                0x0000000008007648                Scd30::sendCommand(unsigned short, unsigned short)
 .text._ZN5Scd3011readCommandEth
                0x00000000080076a4       0x96 ./User/Src/Sensors/Devices/Scd30.o
                0x00000000080076a4                Scd30::readCommand(unsigned short, unsigned char)
 .text._ZN5Scd3022setMeasurementIntervalEt
                0x000000000800773a       0x24 ./User/Src/Sensors/Devices/Scd30.o
                0x000000000800773a                Scd30::setMeasurementInterval(unsigned short)
 .text._ZN5Scd3025startContinousMeasurementEt
                0x000000000800775e       0x22 ./User/Src/Sensors/Devices/Scd30.o
                0x000000000800775e                Scd30::startContinousMeasurement(unsigned short)
 .text._ZN5Scd304initEt
                0x0000000008007780       0x20 ./User/Src/Sensors/Devices/Scd30.o
                0x0000000008007780                Scd30::init(unsigned short)
 .text._ZN5Scd3016readMeasurementsEPfS0_S0_
                0x00000000080077a0      0x146 ./User/Src/Sensors/Devices/Scd30.o
                0x00000000080077a0                Scd30::readMeasurements(float*, float*, float*)
 *fill*         0x00000000080078e6        0x2 
 .text.__errno  0x00000000080078e8        0xc c:/program files/st/stm32cubeide_1.3.0/stm32cubeide/plugins/com.st.stm32cube.ide.mcu.externaltools.gnu-tools-for-stm32.9-2020-q2-update.win32_2.0.0.202105311346/tools/bin/../lib/gcc/arm-none-eabi/9.3.1/../../../../arm-none-eabi/lib/thumb/v7e-m+fp/hard\libc_nano.a(lib_a-errno.o)
                0x00000000080078e8                __errno
 .text.__libc_init_array
                0x00000000080078f4       0x48 c:/program files/st/stm32cubeide_1.3.0/stm32cubeide/plugins/com.st.stm32cube.ide.mcu.externaltools.gnu-tools-for-stm32.9-2020-q2-update.win32_2.0.0.202105311346/tools/bin/../lib/gcc/arm-none-eabi/9.3.1/../../../../arm-none-eabi/lib/thumb/v7e-m+fp/hard\libc_nano.a(lib_a-init.o)
                0x00000000080078f4                __libc_init_array
 .text.__retarget_lock_acquire_recursive
                0x000000000800793c        0x2 c:/program files/st/stm32cubeide_1.3.0/stm32cubeide/plugins/com.st.stm32cube.ide.mcu.externaltools.gnu-tools-for-stm32.9-2020-q2-update.win32_2.0.0.202105311346/tools/bin/../lib/gcc/arm-none-eabi/9.3.1/../../../../arm-none-eabi/lib/thumb/v7e-m+fp/hard\libc_nano.a(lib_a-lock.o)
                0x000000000800793c                __retarget_lock_acquire_recursive
 .text.__retarget_lock_release_recursive
                0x000000000800793e        0x2 c:/program files/st/stm32cubeide_1.3.0/stm32cubeide/plugins/com.st.stm32cube.ide.mcu.externaltools.gnu-tools-for-stm32.9-2020-q2-update.win32_2.0.0.202105311346/tools/bin/../lib/gcc/arm-none-eabi/9.3.1/../../../../arm-none-eabi/lib/thumb/v7e-m+fp/hard\libc_nano.a(lib_a-lock.o)
                0x000000000800793e                __retarget_lock_release_recursive
 .text.malloc   0x0000000008007940       0x10 c:/program files/st/stm32cubeide_1.3.0/stm32cubeide/plugins/com.st.stm32cube.ide.mcu.externaltools.gnu-tools-for-stm32.9-2020-q2-update.win32_2.0.0.202105311346/tools/bin/../lib/gcc/arm-none-eabi/9.3.1/../../../../arm-none-eabi/lib/thumb/v7e-m+fp/hard\libc_nano.a(lib_a-malloc.o)
                0x0000000008007940                malloc
 .text.free     0x0000000008007950       0x10 c:/program files/st/stm32cubeide_1.3.0/stm32cubeide/plugins/com.st.stm32cube.ide.mcu.externaltools.gnu-tools-for-stm32.9-2020-q2-update.win32_2.0.0.202105311346/tools/bin/../lib/gcc/arm-none-eabi/9.3.1/../../../../arm-none-eabi/lib/thumb/v7e-m+fp/hard\libc_nano.a(lib_a-malloc.o)
                0x0000000008007950                free
 .text.memcpy   0x0000000008007960       0x1c c:/program files/st/stm32cubeide_1.3.0/stm32cubeide/plugins/com.st.stm32cube.ide.mcu.externaltools.gnu-tools-for-stm32.9-2020-q2-update.win32_2.0.0.202105311346/tools/bin/../lib/gcc/arm-none-eabi/9.3.1/../../../../arm-none-eabi/lib/thumb/v7e-m+fp/hard\libc_nano.a(lib_a-memcpy-stub.o)
                0x0000000008007960                memcpy
 .text.memset   0x000000000800797c       0x10 c:/program files/st/stm32cubeide_1.3.0/stm32cubeide/plugins/com.st.stm32cube.ide.mcu.externaltools.gnu-tools-for-stm32.9-2020-q2-update.win32_2.0.0.202105311346/tools/bin/../lib/gcc/arm-none-eabi/9.3.1/../../../../arm-none-eabi/lib/thumb/v7e-m+fp/hard\libc_nano.a(lib_a-memset.o)
                0x000000000800797c                memset
 .text._free_r  0x000000000800798c       0xa0 c:/program files/st/stm32cubeide_1.3.0/stm32cubeide/plugins/com.st.stm32cube.ide.mcu.externaltools.gnu-tools-for-stm32.9-2020-q2-update.win32_2.0.0.202105311346/tools/bin/../lib/gcc/arm-none-eabi/9.3.1/../../../../arm-none-eabi/lib/thumb/v7e-m+fp/hard\libc_nano.a(lib_a-nano-freer.o)
                0x000000000800798c                _free_r
 .text._malloc_r
                0x0000000008007a2c       0xb4 c:/program files/st/stm32cubeide_1.3.0/stm32cubeide/plugins/com.st.stm32cube.ide.mcu.externaltools.gnu-tools-for-stm32.9-2020-q2-update.win32_2.0.0.202105311346/tools/bin/../lib/gcc/arm-none-eabi/9.3.1/../../../../arm-none-eabi/lib/thumb/v7e-m+fp/hard\libc_nano.a(lib_a-nano-mallocr.o)
                0x0000000008007a2c                _malloc_r
 .text.cleanup_glue
                0x0000000008007ae0       0x1a c:/program files/st/stm32cubeide_1.3.0/stm32cubeide/plugins/com.st.stm32cube.ide.mcu.externaltools.gnu-tools-for-stm32.9-2020-q2-update.win32_2.0.0.202105311346/tools/bin/../lib/gcc/arm-none-eabi/9.3.1/../../../../arm-none-eabi/lib/thumb/v7e-m+fp/hard\libc_nano.a(lib_a-reent.o)
                0x0000000008007ae0                cleanup_glue
 *fill*         0x0000000008007afa        0x2 
 .text._reclaim_reent
                0x0000000008007afc       0xb8 c:/program files/st/stm32cubeide_1.3.0/stm32cubeide/plugins/com.st.stm32cube.ide.mcu.externaltools.gnu-tools-for-stm32.9-2020-q2-update.win32_2.0.0.202105311346/tools/bin/../lib/gcc/arm-none-eabi/9.3.1/../../../../arm-none-eabi/lib/thumb/v7e-m+fp/hard\libc_nano.a(lib_a-reent.o)
                0x0000000008007afc                _reclaim_reent
 .text._sbrk_r  0x0000000008007bb4       0x20 c:/program files/st/stm32cubeide_1.3.0/stm32cubeide/plugins/com.st.stm32cube.ide.mcu.externaltools.gnu-tools-for-stm32.9-2020-q2-update.win32_2.0.0.202105311346/tools/bin/../lib/gcc/arm-none-eabi/9.3.1/../../../../arm-none-eabi/lib/thumb/v7e-m+fp/hard\libc_nano.a(lib_a-sbrkr.o)
                0x0000000008007bb4                _sbrk_r
 .text.sprintf  0x0000000008007bd4       0x40 c:/program files/st/stm32cubeide_1.3.0/stm32cubeide/plugins/com.st.stm32cube.ide.mcu.externaltools.gnu-tools-for-stm32.9-2020-q2-update.win32_2.0.0.202105311346/tools/bin/../lib/gcc/arm-none-eabi/9.3.1/../../../../arm-none-eabi/lib/thumb/v7e-m+fp/hard\libc_nano.a(lib_a-sprintf.o)
                0x0000000008007bd4                siprintf
                0x0000000008007bd4                sprintf
 .text.__malloc_lock
                0x0000000008007c14        0xc c:/program files/st/stm32cubeide_1.3.0/stm32cubeide/plugins/com.st.stm32cube.ide.mcu.externaltools.gnu-tools-for-stm32.9-2020-q2-update.win32_2.0.0.202105311346/tools/bin/../lib/gcc/arm-none-eabi/9.3.1/../../../../arm-none-eabi/lib/thumb/v7e-m+fp/hard\libc_nano.a(lib_a-mlock.o)
                0x0000000008007c14                __malloc_lock
 .text.__malloc_unlock
                0x0000000008007c20        0xc c:/program files/st/stm32cubeide_1.3.0/stm32cubeide/plugins/com.st.stm32cube.ide.mcu.externaltools.gnu-tools-for-stm32.9-2020-q2-update.win32_2.0.0.202105311346/tools/bin/../lib/gcc/arm-none-eabi/9.3.1/../../../../arm-none-eabi/lib/thumb/v7e-m+fp/hard\libc_nano.a(lib_a-mlock.o)
                0x0000000008007c20                __malloc_unlock
 .text.__ssputs_r
                0x0000000008007c2c       0xb6 c:/program files/st/stm32cubeide_1.3.0/stm32cubeide/plugins/com.st.stm32cube.ide.mcu.externaltools.gnu-tools-for-stm32.9-2020-q2-update.win32_2.0.0.202105311346/tools/bin/../lib/gcc/arm-none-eabi/9.3.1/../../../../arm-none-eabi/lib/thumb/v7e-m+fp/hard\libc_nano.a(lib_a-nano-svfprintf.o)
                0x0000000008007c2c                __ssputs_r
 *fill*         0x0000000008007ce2        0x2 
 .text._svfprintf_r
                0x0000000008007ce4      0x200 c:/program files/st/stm32cubeide_1.3.0/stm32cubeide/plugins/com.st.stm32cube.ide.mcu.externaltools.gnu-tools-for-stm32.9-2020-q2-update.win32_2.0.0.202105311346/tools/bin/../lib/gcc/arm-none-eabi/9.3.1/../../../../arm-none-eabi/lib/thumb/v7e-m+fp/hard\libc_nano.a(lib_a-nano-svfprintf.o)
                0x0000000008007ce4                _svfiprintf_r
                0x0000000008007ce4                _svfprintf_r
 .text._printf_common
                0x0000000008007ee4       0xda c:/program files/st/stm32cubeide_1.3.0/stm32cubeide/plugins/com.st.stm32cube.ide.mcu.externaltools.gnu-tools-for-stm32.9-2020-q2-update.win32_2.0.0.202105311346/tools/bin/../lib/gcc/arm-none-eabi/9.3.1/../../../../arm-none-eabi/lib/thumb/v7e-m+fp/hard\libc_nano.a(lib_a-nano-vfprintf_i.o)
                0x0000000008007ee4                _printf_common
 *fill*         0x0000000008007fbe        0x2 
 .text._printf_i
                0x0000000008007fc0      0x24c c:/program files/st/stm32cubeide_1.3.0/stm32cubeide/plugins/com.st.stm32cube.ide.mcu.externaltools.gnu-tools-for-stm32.9-2020-q2-update.win32_2.0.0.202105311346/tools/bin/../lib/gcc/arm-none-eabi/9.3.1/../../../../arm-none-eabi/lib/thumb/v7e-m+fp/hard\libc_nano.a(lib_a-nano-vfprintf_i.o)
                0x0000000008007fc0                _printf_i
 .text.memmove  0x000000000800820c       0x34 c:/program files/st/stm32cubeide_1.3.0/stm32cubeide/plugins/com.st.stm32cube.ide.mcu.externaltools.gnu-tools-for-stm32.9-2020-q2-update.win32_2.0.0.202105311346/tools/bin/../lib/gcc/arm-none-eabi/9.3.1/../../../../arm-none-eabi/lib/thumb/v7e-m+fp/hard\libc_nano.a(lib_a-memmove.o)
                0x000000000800820c                memmove
 .text._realloc_r
                0x0000000008008240       0x4c c:/program files/st/stm32cubeide_1.3.0/stm32cubeide/plugins/com.st.stm32cube.ide.mcu.externaltools.gnu-tools-for-stm32.9-2020-q2-update.win32_2.0.0.202105311346/tools/bin/../lib/gcc/arm-none-eabi/9.3.1/../../../../arm-none-eabi/lib/thumb/v7e-m+fp/hard\libc_nano.a(lib_a-nano-reallocr.o)
                0x0000000008008240                _realloc_r
 .text._malloc_usable_size_r
                0x000000000800828c       0x10 c:/program files/st/stm32cubeide_1.3.0/stm32cubeide/plugins/com.st.stm32cube.ide.mcu.externaltools.gnu-tools-for-stm32.9-2020-q2-update.win32_2.0.0.202105311346/tools/bin/../lib/gcc/arm-none-eabi/9.3.1/../../../../arm-none-eabi/lib/thumb/v7e-m+fp/hard\libc_nano.a(lib_a-nano-msizer.o)
                0x000000000800828c                _malloc_usable_size_r
 *(.glue_7)
 .glue_7        0x000000000800829c        0x0 linker stubs
 *(.glue_7t)
 .glue_7t       0x000000000800829c        0x0 linker stubs
 *(.eh_frame)
 .eh_frame      0x000000000800829c        0x0 c:/program files/st/stm32cubeide_1.3.0/stm32cubeide/plugins/com.st.stm32cube.ide.mcu.externaltools.gnu-tools-for-stm32.9-2020-q2-update.win32_2.0.0.202105311346/tools/bin/../lib/gcc/arm-none-eabi/9.3.1/thumb/v7e-m+fp/hard/crtbegin.o
 *(.init)
 .init          0x000000000800829c        0x4 c:/program files/st/stm32cubeide_1.3.0/stm32cubeide/plugins/com.st.stm32cube.ide.mcu.externaltools.gnu-tools-for-stm32.9-2020-q2-update.win32_2.0.0.202105311346/tools/bin/../lib/gcc/arm-none-eabi/9.3.1/thumb/v7e-m+fp/hard/crti.o
                0x000000000800829c                _init
 .init          0x00000000080082a0        0x8 c:/program files/st/stm32cubeide_1.3.0/stm32cubeide/plugins/com.st.stm32cube.ide.mcu.externaltools.gnu-tools-for-stm32.9-2020-q2-update.win32_2.0.0.202105311346/tools/bin/../lib/gcc/arm-none-eabi/9.3.1/thumb/v7e-m+fp/hard/crtn.o
 *(.fini)
 .fini          0x00000000080082a8        0x4 c:/program files/st/stm32cubeide_1.3.0/stm32cubeide/plugins/com.st.stm32cube.ide.mcu.externaltools.gnu-tools-for-stm32.9-2020-q2-update.win32_2.0.0.202105311346/tools/bin/../lib/gcc/arm-none-eabi/9.3.1/thumb/v7e-m+fp/hard/crti.o
                0x00000000080082a8                _fini
 .fini          0x00000000080082ac        0x8 c:/program files/st/stm32cubeide_1.3.0/stm32cubeide/plugins/com.st.stm32cube.ide.mcu.externaltools.gnu-tools-for-stm32.9-2020-q2-update.win32_2.0.0.202105311346/tools/bin/../lib/gcc/arm-none-eabi/9.3.1/thumb/v7e-m+fp/hard/crtn.o
                0x00000000080082b4                . = ALIGN (0x4)
                0x00000000080082b4                _etext = .

.vfp11_veneer   0x00000000080082b4        0x0
 .vfp11_veneer  0x00000000080082b4        0x0 linker stubs

.v4_bx          0x00000000080082b4        0x0
 .v4_bx         0x00000000080082b4        0x0 linker stubs

.iplt           0x00000000080082b4        0x0
 .iplt          0x00000000080082b4        0x0 c:/program files/st/stm32cubeide_1.3.0/stm32cubeide/plugins/com.st.stm32cube.ide.mcu.externaltools.gnu-tools-for-stm32.9-2020-q2-update.win32_2.0.0.202105311346/tools/bin/../lib/gcc/arm-none-eabi/9.3.1/thumb/v7e-m+fp/hard/crtbegin.o

.rodata         0x00000000080082b4      0x454
                0x00000000080082b4                . = ALIGN (0x4)
 *(.rodata)
 .rodata        0x00000000080082b4       0x16 ./Core/Src/main.o
 *fill*         0x00000000080082ca        0x2 
 .rodata        0x00000000080082cc        0x5 ./Middlewares/Third_Party/FreeRTOS/Source/tasks.o
 *fill*         0x00000000080082d1        0x3 
 .rodata        0x00000000080082d4        0xd ./Middlewares/Third_Party/FreeRTOS/Source/timers.o
 *fill*         0x00000000080082e1        0x3 
 .rodata        0x00000000080082e4       0x6f ./User/Src/EnvSensorV2.o
 *fill*         0x0000000008008353        0x1 
 .rodata        0x0000000008008354       0x30 ./User/Src/Sensors/CO2Sensor.o
 *(.rodata*)
 .rodata.defaultTask_attributes
                0x0000000008008384       0x24 ./Core/Src/main.o
                0x0000000008008384                defaultTask_attributes
 .rodata.myQueue01_attributes
                0x00000000080083a8       0x18 ./Core/Src/main.o
                0x00000000080083a8                myQueue01_attributes
 .rodata.AHBPrescTable
                0x00000000080083c0       0x10 ./Core/Src/system_stm32l4xx.o
                0x00000000080083c0                AHBPrescTable
 .rodata.APBPrescTable
                0x00000000080083d0        0x8 ./Core/Src/system_stm32l4xx.o
                0x00000000080083d0                APBPrescTable
 .rodata.MSIRangeTable
                0x00000000080083d8       0x30 ./Core/Src/system_stm32l4xx.o
                0x00000000080083d8                MSIRangeTable
 .rodata._ZL7font6x8
                0x0000000008008408      0x240 ./User/Src/Display/SmallScreen.o
 .rodata.rounders
                0x0000000008008648       0x2c ./User/Src/ftoa.o
 .rodata.__sf_fake_stderr
                0x0000000008008674       0x20 c:/program files/st/stm32cubeide_1.3.0/stm32cubeide/plugins/com.st.stm32cube.ide.mcu.externaltools.gnu-tools-for-stm32.9-2020-q2-update.win32_2.0.0.202105311346/tools/bin/../lib/gcc/arm-none-eabi/9.3.1/../../../../arm-none-eabi/lib/thumb/v7e-m+fp/hard\libc_nano.a(lib_a-findfp.o)
                0x0000000008008674                __sf_fake_stderr
 .rodata.__sf_fake_stdin
                0x0000000008008694       0x20 c:/program files/st/stm32cubeide_1.3.0/stm32cubeide/plugins/com.st.stm32cube.ide.mcu.externaltools.gnu-tools-for-stm32.9-2020-q2-update.win32_2.0.0.202105311346/tools/bin/../lib/gcc/arm-none-eabi/9.3.1/../../../../arm-none-eabi/lib/thumb/v7e-m+fp/hard\libc_nano.a(lib_a-findfp.o)
                0x0000000008008694                __sf_fake_stdin
 .rodata.__sf_fake_stdout
                0x00000000080086b4       0x20 c:/program files/st/stm32cubeide_1.3.0/stm32cubeide/plugins/com.st.stm32cube.ide.mcu.externaltools.gnu-tools-for-stm32.9-2020-q2-update.win32_2.0.0.202105311346/tools/bin/../lib/gcc/arm-none-eabi/9.3.1/../../../../arm-none-eabi/lib/thumb/v7e-m+fp/hard\libc_nano.a(lib_a-findfp.o)
                0x00000000080086b4                __sf_fake_stdout
 .rodata._svfprintf_r.str1.1
                0x00000000080086d4       0x11 c:/program files/st/stm32cubeide_1.3.0/stm32cubeide/plugins/com.st.stm32cube.ide.mcu.externaltools.gnu-tools-for-stm32.9-2020-q2-update.win32_2.0.0.202105311346/tools/bin/../lib/gcc/arm-none-eabi/9.3.1/../../../../arm-none-eabi/lib/thumb/v7e-m+fp/hard\libc_nano.a(lib_a-nano-svfprintf.o)
 .rodata._printf_i.str1.1
                0x00000000080086e5       0x22 c:/program files/st/stm32cubeide_1.3.0/stm32cubeide/plugins/com.st.stm32cube.ide.mcu.externaltools.gnu-tools-for-stm32.9-2020-q2-update.win32_2.0.0.202105311346/tools/bin/../lib/gcc/arm-none-eabi/9.3.1/../../../../arm-none-eabi/lib/thumb/v7e-m+fp/hard\libc_nano.a(lib_a-nano-vfprintf_i.o)
                0x0000000008008708                . = ALIGN (0x4)
 *fill*         0x0000000008008707        0x1 

.rel.dyn        0x0000000008008708        0x0
 .rel.iplt      0x0000000008008708        0x0 c:/program files/st/stm32cubeide_1.3.0/stm32cubeide/plugins/com.st.stm32cube.ide.mcu.externaltools.gnu-tools-for-stm32.9-2020-q2-update.win32_2.0.0.202105311346/tools/bin/../lib/gcc/arm-none-eabi/9.3.1/thumb/v7e-m+fp/hard/crtbegin.o

.ARM.extab      0x0000000008008708        0x0
                0x0000000008008708                . = ALIGN (0x4)
 *(.ARM.extab* .gnu.linkonce.armextab.*)
                0x0000000008008708                . = ALIGN (0x4)

.ARM            0x0000000008008708        0x0
                0x0000000008008708                . = ALIGN (0x4)
                0x0000000008008708                __exidx_start = .
 *(.ARM.exidx*)
                0x0000000008008708                __exidx_end = .
                0x0000000008008708                . = ALIGN (0x4)

.preinit_array  0x0000000008008708        0x0
                0x0000000008008708                . = ALIGN (0x4)
                0x0000000008008708                PROVIDE (__preinit_array_start = .)
 *(.preinit_array*)
                0x0000000008008708                PROVIDE (__preinit_array_end = .)
                0x0000000008008708                . = ALIGN (0x4)

.init_array     0x0000000008008708        0xc
                0x0000000008008708                . = ALIGN (0x4)
                0x0000000008008708                PROVIDE (__init_array_start = .)
 *(SORT_BY_NAME(.init_array.*))
 *(.init_array*)
 .init_array    0x0000000008008708        0x4 c:/program files/st/stm32cubeide_1.3.0/stm32cubeide/plugins/com.st.stm32cube.ide.mcu.externaltools.gnu-tools-for-stm32.9-2020-q2-update.win32_2.0.0.202105311346/tools/bin/../lib/gcc/arm-none-eabi/9.3.1/thumb/v7e-m+fp/hard/crtbegin.o
 .init_array    0x000000000800870c        0x4 ./User/Src/EnvSensorV2.o
 .init_array    0x0000000008008710        0x4 ./User/Src/Sensors/CO2Sensor.o
                0x0000000008008714                PROVIDE (__init_array_end = .)
                0x0000000008008714                . = ALIGN (0x4)

.fini_array     0x0000000008008714        0x4
                0x0000000008008714                . = ALIGN (0x4)
                [!provide]                        PROVIDE (__fini_array_start = .)
 *(SORT_BY_NAME(.fini_array.*))
 *(.fini_array*)
 .fini_array    0x0000000008008714        0x4 c:/program files/st/stm32cubeide_1.3.0/stm32cubeide/plugins/com.st.stm32cube.ide.mcu.externaltools.gnu-tools-for-stm32.9-2020-q2-update.win32_2.0.0.202105311346/tools/bin/../lib/gcc/arm-none-eabi/9.3.1/thumb/v7e-m+fp/hard/crtbegin.o
                [!provide]                        PROVIDE (__fini_array_end = .)
                0x0000000008008718                . = ALIGN (0x4)
                0x0000000008008718                _sidata = LOADADDR (.data)

.data           0x0000000020000000       0x74 load address 0x0000000008008718
                0x0000000020000000                . = ALIGN (0x4)
                0x0000000020000000                _sdata = .
 *(.data)
 *(.data*)
 .data.SystemCoreClock
                0x0000000020000000        0x4 ./Core/Src/system_stm32l4xx.o
                0x0000000020000000                SystemCoreClock
 .data.uwTickPrio
                0x0000000020000004        0x4 ./Drivers/STM32L4xx_HAL_Driver/Src/stm32l4xx_hal.o
                0x0000000020000004                uwTickPrio
 .data.uwTickFreq
                0x0000000020000008        0x1 ./Drivers/STM32L4xx_HAL_Driver/Src/stm32l4xx_hal.o
                0x0000000020000008                uwTickFreq
 *fill*         0x0000000020000009        0x3 
 .data.uxCriticalNesting
                0x000000002000000c        0x4 ./Middlewares/Third_Party/FreeRTOS/Source/portable/GCC/ARM_CM4F/port.o
 .data._impure_ptr
                0x0000000020000010        0x4 c:/program files/st/stm32cubeide_1.3.0/stm32cubeide/plugins/com.st.stm32cube.ide.mcu.externaltools.gnu-tools-for-stm32.9-2020-q2-update.win32_2.0.0.202105311346/tools/bin/../lib/gcc/arm-none-eabi/9.3.1/../../../../arm-none-eabi/lib/thumb/v7e-m+fp/hard\libc_nano.a(lib_a-impure.o)
                0x0000000020000010                _impure_ptr
 .data.impure_data
                0x0000000020000014       0x60 c:/program files/st/stm32cubeide_1.3.0/stm32cubeide/plugins/com.st.stm32cube.ide.mcu.externaltools.gnu-tools-for-stm32.9-2020-q2-update.win32_2.0.0.202105311346/tools/bin/../lib/gcc/arm-none-eabi/9.3.1/../../../../arm-none-eabi/lib/thumb/v7e-m+fp/hard\libc_nano.a(lib_a-impure.o)
 *(.RamFunc)
 *(.RamFunc*)
                0x0000000020000074                . = ALIGN (0x4)
                0x0000000020000074                _edata = .

.igot.plt       0x0000000020000074        0x0 load address 0x000000000800878c
 .igot.plt      0x0000000020000074        0x0 c:/program files/st/stm32cubeide_1.3.0/stm32cubeide/plugins/com.st.stm32cube.ide.mcu.externaltools.gnu-tools-for-stm32.9-2020-q2-update.win32_2.0.0.202105311346/tools/bin/../lib/gcc/arm-none-eabi/9.3.1/thumb/v7e-m+fp/hard/crtbegin.o
                0x0000000020000074                . = ALIGN (0x4)

.bss            0x0000000020000074      0xfa4 load address 0x000000000800878c
                0x0000000020000074                _sbss = .
                0x0000000020000074                __bss_start__ = _sbss
 *(.bss)
 .bss           0x0000000020000074       0x1c c:/program files/st/stm32cubeide_1.3.0/stm32cubeide/plugins/com.st.stm32cube.ide.mcu.externaltools.gnu-tools-for-stm32.9-2020-q2-update.win32_2.0.0.202105311346/tools/bin/../lib/gcc/arm-none-eabi/9.3.1/thumb/v7e-m+fp/hard/crtbegin.o
 *(.bss*)
 .bss.__sbrk_heap_end
                0x0000000020000090        0x4 ./Core/Src/sysmem.o
 .bss.KernelState
                0x0000000020000094        0x4 ./Middlewares/Third_Party/FreeRTOS/Source/CMSIS_RTOS_V2/cmsis_os2.o
 .bss.Idle_TCB.10505
                0x0000000020000098       0xbc ./Middlewares/Third_Party/FreeRTOS/Source/CMSIS_RTOS_V2/cmsis_os2.o
 .bss.Idle_Stack.10506
                0x0000000020000154      0x200 ./Middlewares/Third_Party/FreeRTOS/Source/CMSIS_RTOS_V2/cmsis_os2.o
 .bss.Timer_TCB.10512
                0x0000000020000354       0xbc ./Middlewares/Third_Party/FreeRTOS/Source/CMSIS_RTOS_V2/cmsis_os2.o
 .bss.Timer_Stack.10513
                0x0000000020000410      0x400 ./Middlewares/Third_Party/FreeRTOS/Source/CMSIS_RTOS_V2/cmsis_os2.o
 .bss.pxCurrentTCB
                0x0000000020000810        0x4 ./Middlewares/Third_Party/FreeRTOS/Source/tasks.o
                0x0000000020000810                pxCurrentTCB
 .bss.pxReadyTasksLists
                0x0000000020000814      0x460 ./Middlewares/Third_Party/FreeRTOS/Source/tasks.o
 .bss.xDelayedTaskList1
                0x0000000020000c74       0x14 ./Middlewares/Third_Party/FreeRTOS/Source/tasks.o
 .bss.xDelayedTaskList2
                0x0000000020000c88       0x14 ./Middlewares/Third_Party/FreeRTOS/Source/tasks.o
 .bss.pxDelayedTaskList
                0x0000000020000c9c        0x4 ./Middlewares/Third_Party/FreeRTOS/Source/tasks.o
 .bss.pxOverflowDelayedTaskList
                0x0000000020000ca0        0x4 ./Middlewares/Third_Party/FreeRTOS/Source/tasks.o
 .bss.xPendingReadyList
                0x0000000020000ca4       0x14 ./Middlewares/Third_Party/FreeRTOS/Source/tasks.o
 .bss.xTasksWaitingTermination
                0x0000000020000cb8       0x14 ./Middlewares/Third_Party/FreeRTOS/Source/tasks.o
 .bss.uxDeletedTasksWaitingCleanUp
                0x0000000020000ccc        0x4 ./Middlewares/Third_Party/FreeRTOS/Source/tasks.o
 .bss.xSuspendedTaskList
                0x0000000020000cd0       0x14 ./Middlewares/Third_Party/FreeRTOS/Source/tasks.o
 .bss.uxCurrentNumberOfTasks
                0x0000000020000ce4        0x4 ./Middlewares/Third_Party/FreeRTOS/Source/tasks.o
 .bss.xTickCount
                0x0000000020000ce8        0x4 ./Middlewares/Third_Party/FreeRTOS/Source/tasks.o
 .bss.uxTopReadyPriority
                0x0000000020000cec        0x4 ./Middlewares/Third_Party/FreeRTOS/Source/tasks.o
 .bss.xSchedulerRunning
                0x0000000020000cf0        0x4 ./Middlewares/Third_Party/FreeRTOS/Source/tasks.o
 .bss.xPendedTicks
                0x0000000020000cf4        0x4 ./Middlewares/Third_Party/FreeRTOS/Source/tasks.o
 .bss.xYieldPending
                0x0000000020000cf8        0x4 ./Middlewares/Third_Party/FreeRTOS/Source/tasks.o
 .bss.xNumOfOverflows
                0x0000000020000cfc        0x4 ./Middlewares/Third_Party/FreeRTOS/Source/tasks.o
 .bss.uxTaskNumber
                0x0000000020000d00        0x4 ./Middlewares/Third_Party/FreeRTOS/Source/tasks.o
 .bss.xNextTaskUnblockTime
                0x0000000020000d04        0x4 ./Middlewares/Third_Party/FreeRTOS/Source/tasks.o
 .bss.xIdleTaskHandle
                0x0000000020000d08        0x4 ./Middlewares/Third_Party/FreeRTOS/Source/tasks.o
 .bss.uxSchedulerSuspended
                0x0000000020000d0c        0x4 ./Middlewares/Third_Party/FreeRTOS/Source/tasks.o
 .bss.xActiveTimerList1
                0x0000000020000d10       0x14 ./Middlewares/Third_Party/FreeRTOS/Source/timers.o
 .bss.xActiveTimerList2
                0x0000000020000d24       0x14 ./Middlewares/Third_Party/FreeRTOS/Source/timers.o
 .bss.pxCurrentTimerList
                0x0000000020000d38        0x4 ./Middlewares/Third_Party/FreeRTOS/Source/timers.o
 .bss.pxOverflowTimerList
                0x0000000020000d3c        0x4 ./Middlewares/Third_Party/FreeRTOS/Source/timers.o
 .bss.xTimerQueue
                0x0000000020000d40        0x4 ./Middlewares/Third_Party/FreeRTOS/Source/timers.o
 .bss.xTimerTaskHandle
                0x0000000020000d44        0x4 ./Middlewares/Third_Party/FreeRTOS/Source/timers.o
 .bss.xLastTime.7010
                0x0000000020000d48        0x4 ./Middlewares/Third_Party/FreeRTOS/Source/timers.o
 .bss.ucStaticTimerQueueStorage.7061
                0x0000000020000d4c       0xa0 ./Middlewares/Third_Party/FreeRTOS/Source/timers.o
 .bss.xStaticTimerQueue.7060
                0x0000000020000dec       0x50 ./Middlewares/Third_Party/FreeRTOS/Source/timers.o
 .bss.ucMaxSysCallPriority
                0x0000000020000e3c        0x1 ./Middlewares/Third_Party/FreeRTOS/Source/portable/GCC/ARM_CM4F/port.o
 *fill*         0x0000000020000e3d        0x3 
 .bss.ulMaxPRIGROUPValue
                0x0000000020000e40        0x4 ./Middlewares/Third_Party/FreeRTOS/Source/portable/GCC/ARM_CM4F/port.o
 .bss.smallScreen
                0x0000000020000e44       0x88 ./User/Src/EnvSensorV2.o
                0x0000000020000e44                smallScreen
 .bss.bmp280    0x0000000020000ecc       0x28 ./User/Src/EnvSensorV2.o
                0x0000000020000ecc                bmp280
 .bss.testThread
                0x0000000020000ef4        0x4 ./User/Src/EnvSensorV2.o
                0x0000000020000ef4                testThread
 .bss.sensorReadoutsQueue
                0x0000000020000ef8        0x4 ./User/Src/EnvSensorV2.o
                0x0000000020000ef8                sensorReadoutsQueue
 .bss.scd30     0x0000000020000efc       0x18 ./User/Src/Sensors/CO2Sensor.o
                0x0000000020000efc                scd30
 .bss.co2ReadoutThreadHandle
                0x0000000020000f14        0x4 ./User/Src/Sensors/CO2Sensor.o
                0x0000000020000f14                co2ReadoutThreadHandle
 .bss.scd30ReadySemaphore
                0x0000000020000f18        0x4 ./User/Src/Sensors/CO2Sensor.o
                0x0000000020000f18                scd30ReadySemaphore
 .bss.__malloc_free_list
                0x0000000020000f1c        0x4 c:/program files/st/stm32cubeide_1.3.0/stm32cubeide/plugins/com.st.stm32cube.ide.mcu.externaltools.gnu-tools-for-stm32.9-2020-q2-update.win32_2.0.0.202105311346/tools/bin/../lib/gcc/arm-none-eabi/9.3.1/../../../../arm-none-eabi/lib/thumb/v7e-m+fp/hard\libc_nano.a(lib_a-nano-mallocr.o)
                0x0000000020000f1c                __malloc_free_list
 .bss.__malloc_sbrk_start
                0x0000000020000f20        0x4 c:/program files/st/stm32cubeide_1.3.0/stm32cubeide/plugins/com.st.stm32cube.ide.mcu.externaltools.gnu-tools-for-stm32.9-2020-q2-update.win32_2.0.0.202105311346/tools/bin/../lib/gcc/arm-none-eabi/9.3.1/../../../../arm-none-eabi/lib/thumb/v7e-m+fp/hard\libc_nano.a(lib_a-nano-mallocr.o)
                0x0000000020000f20                __malloc_sbrk_start
 *(COMMON)
 COMMON         0x0000000020000f24       0x54 ./Core/Src/main.o
                0x0000000020000f24                defaultTaskHandle
                0x0000000020000f28                hi2c1
                0x0000000020000f74                myQueue01Handle
 COMMON         0x0000000020000f78       0x4c ./Core/Src/stm32l4xx_hal_timebase_tim.o
                0x0000000020000f78                htim6
 COMMON         0x0000000020000fc4        0x4 ./Drivers/STM32L4xx_HAL_Driver/Src/stm32l4xx_hal.o
                0x0000000020000fc4                uwTick
 COMMON         0x0000000020000fc8       0x40 ./Middlewares/Third_Party/FreeRTOS/Source/queue.o
                0x0000000020000fc8                xQueueRegistry
 COMMON         0x0000000020001008        0x9 c:/program files/st/stm32cubeide_1.3.0/stm32cubeide/plugins/com.st.stm32cube.ide.mcu.externaltools.gnu-tools-for-stm32.9-2020-q2-update.win32_2.0.0.202105311346/tools/bin/../lib/gcc/arm-none-eabi/9.3.1/../../../../arm-none-eabi/lib/thumb/v7e-m+fp/hard\libc_nano.a(lib_a-lock.o)
                0x0000000020001008                __lock___atexit_recursive_mutex
                0x0000000020001009                __lock___arc4random_mutex
                0x000000002000100a                __lock___env_recursive_mutex
                0x000000002000100b                __lock___sinit_recursive_mutex
                0x000000002000100c                __lock___malloc_recursive_mutex
                0x000000002000100d                __lock___at_quick_exit_mutex
                0x000000002000100e                __lock___dd_hash_mutex
                0x000000002000100f                __lock___tz_mutex
                0x0000000020001010                __lock___sfp_recursive_mutex
 *fill*         0x0000000020001011        0x3 
 COMMON         0x0000000020001014        0x4 c:/program files/st/stm32cubeide_1.3.0/stm32cubeide/plugins/com.st.stm32cube.ide.mcu.externaltools.gnu-tools-for-stm32.9-2020-q2-update.win32_2.0.0.202105311346/tools/bin/../lib/gcc/arm-none-eabi/9.3.1/../../../../arm-none-eabi/lib/thumb/v7e-m+fp/hard\libc_nano.a(lib_a-reent.o)
                0x0000000020001014                errno
                0x0000000020001018                . = ALIGN (0x4)
                0x0000000020001018                _ebss = .
                0x0000000020001018                __bss_end__ = _ebss

._user_heap_stack
                0x0000000020001018      0x600 load address 0x000000000800878c
                0x0000000020001018                . = ALIGN (0x8)
                [!provide]                        PROVIDE (end = .)
                0x0000000020001018                PROVIDE (_end = .)
                0x0000000020001218                . = (. + _Min_Heap_Size)
 *fill*         0x0000000020001018      0x200 
                0x0000000020001618                . = (. + _Min_Stack_Size)
 *fill*         0x0000000020001218      0x400 
                0x0000000020001618                . = ALIGN (0x8)

/DISCARD/
 libc.a(*)
 libm.a(*)
 libgcc.a(*)

.ARM.attributes
                0x0000000000000000       0x30
 *(.ARM.attributes)
 .ARM.attributes
                0x0000000000000000       0x1e c:/program files/st/stm32cubeide_1.3.0/stm32cubeide/plugins/com.st.stm32cube.ide.mcu.externaltools.gnu-tools-for-stm32.9-2020-q2-update.win32_2.0.0.202105311346/tools/bin/../lib/gcc/arm-none-eabi/9.3.1/thumb/v7e-m+fp/hard/crti.o
 .ARM.attributes
                0x000000000000001e       0x34 c:/program files/st/stm32cubeide_1.3.0/stm32cubeide/plugins/com.st.stm32cube.ide.mcu.externaltools.gnu-tools-for-stm32.9-2020-q2-update.win32_2.0.0.202105311346/tools/bin/../lib/gcc/arm-none-eabi/9.3.1/thumb/v7e-m+fp/hard/crtbegin.o
 .ARM.attributes
                0x0000000000000052       0x34 ./Core/Src/main.o
 .ARM.attributes
                0x0000000000000086       0x34 ./Core/Src/stm32l4xx_hal_msp.o
 .ARM.attributes
                0x00000000000000ba       0x34 ./Core/Src/stm32l4xx_hal_timebase_tim.o
 .ARM.attributes
                0x00000000000000ee       0x34 ./Core/Src/stm32l4xx_it.o
 .ARM.attributes
                0x0000000000000122       0x34 ./Core/Src/sysmem.o
 .ARM.attributes
                0x0000000000000156       0x34 ./Core/Src/system_stm32l4xx.o
 .ARM.attributes
                0x000000000000018a       0x21 ./Core/Startup/startup_stm32l451rctx.o
 .ARM.attributes
                0x00000000000001ab       0x34 ./Drivers/STM32L4xx_HAL_Driver/Src/stm32l4xx_hal.o
 .ARM.attributes
                0x00000000000001df       0x34 ./Drivers/STM32L4xx_HAL_Driver/Src/stm32l4xx_hal_cortex.o
 .ARM.attributes
                0x0000000000000213       0x34 ./Drivers/STM32L4xx_HAL_Driver/Src/stm32l4xx_hal_gpio.o
 .ARM.attributes
                0x0000000000000247       0x34 ./Drivers/STM32L4xx_HAL_Driver/Src/stm32l4xx_hal_i2c.o
 .ARM.attributes
                0x000000000000027b       0x34 ./Drivers/STM32L4xx_HAL_Driver/Src/stm32l4xx_hal_i2c_ex.o
 .ARM.attributes
                0x00000000000002af       0x34 ./Drivers/STM32L4xx_HAL_Driver/Src/stm32l4xx_hal_pwr_ex.o
 .ARM.attributes
                0x00000000000002e3       0x34 ./Drivers/STM32L4xx_HAL_Driver/Src/stm32l4xx_hal_rcc.o
 .ARM.attributes
                0x0000000000000317       0x34 ./Drivers/STM32L4xx_HAL_Driver/Src/stm32l4xx_hal_rcc_ex.o
 .ARM.attributes
                0x000000000000034b       0x34 ./Drivers/STM32L4xx_HAL_Driver/Src/stm32l4xx_hal_tim.o
 .ARM.attributes
                0x000000000000037f       0x34 ./Drivers/STM32L4xx_HAL_Driver/Src/stm32l4xx_hal_tim_ex.o
 .ARM.attributes
                0x00000000000003b3       0x34 ./Middlewares/Third_Party/FreeRTOS/Source/CMSIS_RTOS_V2/cmsis_os2.o
 .ARM.attributes
                0x00000000000003e7       0x34 ./Middlewares/Third_Party/FreeRTOS/Source/list.o
 .ARM.attributes
                0x000000000000041b       0x34 ./Middlewares/Third_Party/FreeRTOS/Source/queue.o
 .ARM.attributes
                0x000000000000044f       0x34 ./Middlewares/Third_Party/FreeRTOS/Source/tasks.o
 .ARM.attributes
                0x0000000000000483       0x34 ./Middlewares/Third_Party/FreeRTOS/Source/timers.o
 .ARM.attributes
                0x00000000000004b7       0x34 ./Middlewares/Third_Party/FreeRTOS/Source/portable/GCC/ARM_CM4F/port.o
 .ARM.attributes
                0x00000000000004eb       0x34 ./Middlewares/Third_Party/FreeRTOS/Source/portable/MemMang/heap_3.o
 .ARM.attributes
                0x000000000000051f       0x34 ./User/Src/Display/SmallScreen.o
 .ARM.attributes
                0x0000000000000553       0x34 ./User/Src/Display/Ssd1306.o
 .ARM.attributes
                0x0000000000000587       0x34 ./User/Src/EnvSensorV2.o
 .ARM.attributes
                0x00000000000005bb       0x34 ./User/Src/ftoa.o
 .ARM.attributes
                0x00000000000005ef       0x34 ./User/Src/Sensors/CO2Sensor.o
 .ARM.attributes
                0x0000000000000623       0x34 ./User/Src/Sensors/Devices/Scd30.o
 .ARM.attributes
                0x0000000000000657       0x34 c:/program files/st/stm32cubeide_1.3.0/stm32cubeide/plugins/com.st.stm32cube.ide.mcu.externaltools.gnu-tools-for-stm32.9-2020-q2-update.win32_2.0.0.202105311346/tools/bin/../lib/gcc/arm-none-eabi/9.3.1/../../../../arm-none-eabi/lib/thumb/v7e-m+fp/hard\libc_nano.a(lib_a-errno.o)
 .ARM.attributes
                0x000000000000068b       0x34 c:/program files/st/stm32cubeide_1.3.0/stm32cubeide/plugins/com.st.stm32cube.ide.mcu.externaltools.gnu-tools-for-stm32.9-2020-q2-update.win32_2.0.0.202105311346/tools/bin/../lib/gcc/arm-none-eabi/9.3.1/../../../../arm-none-eabi/lib/thumb/v7e-m+fp/hard\libc_nano.a(lib_a-findfp.o)
 .ARM.attributes
                0x00000000000006bf       0x32 c:/program files/st/stm32cubeide_1.3.0/stm32cubeide/plugins/com.st.stm32cube.ide.mcu.externaltools.gnu-tools-for-stm32.9-2020-q2-update.win32_2.0.0.202105311346/tools/bin/../lib/gcc/arm-none-eabi/9.3.1/../../../../arm-none-eabi/lib/thumb/v7e-m+fp/hard\libc_nano.a(lib_a-impure.o)
 .ARM.attributes
                0x00000000000006f1       0x34 c:/program files/st/stm32cubeide_1.3.0/stm32cubeide/plugins/com.st.stm32cube.ide.mcu.externaltools.gnu-tools-for-stm32.9-2020-q2-update.win32_2.0.0.202105311346/tools/bin/../lib/gcc/arm-none-eabi/9.3.1/../../../../arm-none-eabi/lib/thumb/v7e-m+fp/hard\libc_nano.a(lib_a-init.o)
 .ARM.attributes
                0x0000000000000725       0x34 c:/program files/st/stm32cubeide_1.3.0/stm32cubeide/plugins/com.st.stm32cube.ide.mcu.externaltools.gnu-tools-for-stm32.9-2020-q2-update.win32_2.0.0.202105311346/tools/bin/../lib/gcc/arm-none-eabi/9.3.1/../../../../arm-none-eabi/lib/thumb/v7e-m+fp/hard\libc_nano.a(lib_a-lock.o)
 .ARM.attributes
                0x0000000000000759       0x34 c:/program files/st/stm32cubeide_1.3.0/stm32cubeide/plugins/com.st.stm32cube.ide.mcu.externaltools.gnu-tools-for-stm32.9-2020-q2-update.win32_2.0.0.202105311346/tools/bin/../lib/gcc/arm-none-eabi/9.3.1/../../../../arm-none-eabi/lib/thumb/v7e-m+fp/hard\libc_nano.a(lib_a-malloc.o)
 .ARM.attributes
                0x000000000000078d       0x34 c:/program files/st/stm32cubeide_1.3.0/stm32cubeide/plugins/com.st.stm32cube.ide.mcu.externaltools.gnu-tools-for-stm32.9-2020-q2-update.win32_2.0.0.202105311346/tools/bin/../lib/gcc/arm-none-eabi/9.3.1/../../../../arm-none-eabi/lib/thumb/v7e-m+fp/hard\libc_nano.a(lib_a-memcpy-stub.o)
 .ARM.attributes
                0x00000000000007c1       0x34 c:/program files/st/stm32cubeide_1.3.0/stm32cubeide/plugins/com.st.stm32cube.ide.mcu.externaltools.gnu-tools-for-stm32.9-2020-q2-update.win32_2.0.0.202105311346/tools/bin/../lib/gcc/arm-none-eabi/9.3.1/../../../../arm-none-eabi/lib/thumb/v7e-m+fp/hard\libc_nano.a(lib_a-memset.o)
 .ARM.attributes
                0x00000000000007f5       0x34 c:/program files/st/stm32cubeide_1.3.0/stm32cubeide/plugins/com.st.stm32cube.ide.mcu.externaltools.gnu-tools-for-stm32.9-2020-q2-update.win32_2.0.0.202105311346/tools/bin/../lib/gcc/arm-none-eabi/9.3.1/../../../../arm-none-eabi/lib/thumb/v7e-m+fp/hard\libc_nano.a(lib_a-nano-freer.o)
 .ARM.attributes
                0x0000000000000829       0x34 c:/program files/st/stm32cubeide_1.3.0/stm32cubeide/plugins/com.st.stm32cube.ide.mcu.externaltools.gnu-tools-for-stm32.9-2020-q2-update.win32_2.0.0.202105311346/tools/bin/../lib/gcc/arm-none-eabi/9.3.1/../../../../arm-none-eabi/lib/thumb/v7e-m+fp/hard\libc_nano.a(lib_a-nano-mallocr.o)
 .ARM.attributes
                0x000000000000085d       0x34 c:/program files/st/stm32cubeide_1.3.0/stm32cubeide/plugins/com.st.stm32cube.ide.mcu.externaltools.gnu-tools-for-stm32.9-2020-q2-update.win32_2.0.0.202105311346/tools/bin/../lib/gcc/arm-none-eabi/9.3.1/../../../../arm-none-eabi/lib/thumb/v7e-m+fp/hard\libc_nano.a(lib_a-reent.o)
 .ARM.attributes
                0x0000000000000891       0x34 c:/program files/st/stm32cubeide_1.3.0/stm32cubeide/plugins/com.st.stm32cube.ide.mcu.externaltools.gnu-tools-for-stm32.9-2020-q2-update.win32_2.0.0.202105311346/tools/bin/../lib/gcc/arm-none-eabi/9.3.1/../../../../arm-none-eabi/lib/thumb/v7e-m+fp/hard\libc_nano.a(lib_a-sbrkr.o)
 .ARM.attributes
                0x00000000000008c5       0x34 c:/program files/st/stm32cubeide_1.3.0/stm32cubeide/plugins/com.st.stm32cube.ide.mcu.externaltools.gnu-tools-for-stm32.9-2020-q2-update.win32_2.0.0.202105311346/tools/bin/../lib/gcc/arm-none-eabi/9.3.1/../../../../arm-none-eabi/lib/thumb/v7e-m+fp/hard\libc_nano.a(lib_a-sprintf.o)
 .ARM.attributes
                0x00000000000008f9       0x34 c:/program files/st/stm32cubeide_1.3.0/stm32cubeide/plugins/com.st.stm32cube.ide.mcu.externaltools.gnu-tools-for-stm32.9-2020-q2-update.win32_2.0.0.202105311346/tools/bin/../lib/gcc/arm-none-eabi/9.3.1/../../../../arm-none-eabi/lib/thumb/v7e-m+fp/hard\libc_nano.a(lib_a-mlock.o)
 .ARM.attributes
                0x000000000000092d       0x34 c:/program files/st/stm32cubeide_1.3.0/stm32cubeide/plugins/com.st.stm32cube.ide.mcu.externaltools.gnu-tools-for-stm32.9-2020-q2-update.win32_2.0.0.202105311346/tools/bin/../lib/gcc/arm-none-eabi/9.3.1/../../../../arm-none-eabi/lib/thumb/v7e-m+fp/hard\libc_nano.a(lib_a-nano-svfprintf.o)
 .ARM.attributes
                0x0000000000000961       0x34 c:/program files/st/stm32cubeide_1.3.0/stm32cubeide/plugins/com.st.stm32cube.ide.mcu.externaltools.gnu-tools-for-stm32.9-2020-q2-update.win32_2.0.0.202105311346/tools/bin/../lib/gcc/arm-none-eabi/9.3.1/../../../../arm-none-eabi/lib/thumb/v7e-m+fp/hard\libc_nano.a(lib_a-nano-vfprintf_i.o)
 .ARM.attributes
                0x0000000000000995       0x1c c:/program files/st/stm32cubeide_1.3.0/stm32cubeide/plugins/com.st.stm32cube.ide.mcu.externaltools.gnu-tools-for-stm32.9-2020-q2-update.win32_2.0.0.202105311346/tools/bin/../lib/gcc/arm-none-eabi/9.3.1/../../../../arm-none-eabi/lib/thumb/v7e-m+fp/hard\libc_nano.a(lib_a-memchr.o)
 .ARM.attributes
                0x00000000000009b1       0x34 c:/program files/st/stm32cubeide_1.3.0/stm32cubeide/plugins/com.st.stm32cube.ide.mcu.externaltools.gnu-tools-for-stm32.9-2020-q2-update.win32_2.0.0.202105311346/tools/bin/../lib/gcc/arm-none-eabi/9.3.1/../../../../arm-none-eabi/lib/thumb/v7e-m+fp/hard\libc_nano.a(lib_a-memmove.o)
 .ARM.attributes
                0x00000000000009e5       0x34 c:/program files/st/stm32cubeide_1.3.0/stm32cubeide/plugins/com.st.stm32cube.ide.mcu.externaltools.gnu-tools-for-stm32.9-2020-q2-update.win32_2.0.0.202105311346/tools/bin/../lib/gcc/arm-none-eabi/9.3.1/../../../../arm-none-eabi/lib/thumb/v7e-m+fp/hard\libc_nano.a(lib_a-nano-reallocr.o)
 .ARM.attributes
                0x0000000000000a19       0x34 c:/program files/st/stm32cubeide_1.3.0/stm32cubeide/plugins/com.st.stm32cube.ide.mcu.externaltools.gnu-tools-for-stm32.9-2020-q2-update.win32_2.0.0.202105311346/tools/bin/../lib/gcc/arm-none-eabi/9.3.1/../../../../arm-none-eabi/lib/thumb/v7e-m+fp/hard\libc_nano.a(lib_a-nano-msizer.o)
 .ARM.attributes
                0x0000000000000a4d       0x1e c:/program files/st/stm32cubeide_1.3.0/stm32cubeide/plugins/com.st.stm32cube.ide.mcu.externaltools.gnu-tools-for-stm32.9-2020-q2-update.win32_2.0.0.202105311346/tools/bin/../lib/gcc/arm-none-eabi/9.3.1/thumb/v7e-m+fp/hard/crtn.o
OUTPUT(EnvSensorV2.elf elf32-littlearm)
LOAD linker stubs
LOAD c:/program files/st/stm32cubeide_1.3.0/stm32cubeide/plugins/com.st.stm32cube.ide.mcu.externaltools.gnu-tools-for-stm32.9-2020-q2-update.win32_2.0.0.202105311346/tools/bin/../lib/gcc/arm-none-eabi/9.3.1/../../../../arm-none-eabi/lib/thumb/v7e-m+fp/hard\libc.a
LOAD c:/program files/st/stm32cubeide_1.3.0/stm32cubeide/plugins/com.st.stm32cube.ide.mcu.externaltools.gnu-tools-for-stm32.9-2020-q2-update.win32_2.0.0.202105311346/tools/bin/../lib/gcc/arm-none-eabi/9.3.1/../../../../arm-none-eabi/lib/thumb/v7e-m+fp/hard\libm.a
LOAD c:/program files/st/stm32cubeide_1.3.0/stm32cubeide/plugins/com.st.stm32cube.ide.mcu.externaltools.gnu-tools-for-stm32.9-2020-q2-update.win32_2.0.0.202105311346/tools/bin/../lib/gcc/arm-none-eabi/9.3.1/thumb/v7e-m+fp/hard\libgcc.a

.debug_info     0x0000000000000000    0x252a7
 .debug_info    0x0000000000000000     0x1f5b ./Core/Src/main.o
 .debug_info    0x0000000000001f5b      0xfbb ./Core/Src/stm32l4xx_hal_msp.o
 .debug_info    0x0000000000002f16      0xdf7 ./Core/Src/stm32l4xx_hal_timebase_tim.o
 .debug_info    0x0000000000003d0d      0x95e ./Core/Src/stm32l4xx_it.o
 .debug_info    0x000000000000466b      0xa25 ./Core/Src/sysmem.o
 .debug_info    0x0000000000005090      0x78e ./Core/Src/system_stm32l4xx.o
 .debug_info    0x000000000000581e       0x22 ./Core/Startup/startup_stm32l451rctx.o
 .debug_info    0x0000000000005840      0xc87 ./Drivers/STM32L4xx_HAL_Driver/Src/stm32l4xx_hal.o
 .debug_info    0x00000000000064c7      0xfe0 ./Drivers/STM32L4xx_HAL_Driver/Src/stm32l4xx_hal_cortex.o
 .debug_info    0x00000000000074a7      0xa6c ./Drivers/STM32L4xx_HAL_Driver/Src/stm32l4xx_hal_gpio.o
 .debug_info    0x0000000000007f13     0x236d ./Drivers/STM32L4xx_HAL_Driver/Src/stm32l4xx_hal_i2c.o
 .debug_info    0x000000000000a280      0xc45 ./Drivers/STM32L4xx_HAL_Driver/Src/stm32l4xx_hal_i2c_ex.o
 .debug_info    0x000000000000aec5      0xb1c ./Drivers/STM32L4xx_HAL_Driver/Src/stm32l4xx_hal_pwr_ex.o
 .debug_info    0x000000000000b9e1      0xdef ./Drivers/STM32L4xx_HAL_Driver/Src/stm32l4xx_hal_rcc.o